Archive member included to satisfy reference by file (symbol)

/Applications/ArmGNUToolchain/14.2.rel1/arm-none-eabi/bin/../lib/gcc/arm-none-eabi/14.2.1/../../../../arm-none-eabi/lib/thumb/v7e-m+fp/hard/libc.a(libc_a-exit.o)
                              /Applications/ArmGNUToolchain/14.2.rel1/arm-none-eabi/bin/../lib/gcc/arm-none-eabi/14.2.1/../../../../arm-none-eabi/lib/thumb/v7e-m+fp/hard/crt0.o (exit)
/Applications/ArmGNUToolchain/14.2.rel1/arm-none-eabi/bin/../lib/gcc/arm-none-eabi/14.2.1/../../../../arm-none-eabi/lib/thumb/v7e-m+fp/hard/libc.a(libc_a-printf.o)
                              _build/i2c_simple.o (printf)
/Applications/ArmGNUToolchain/14.2.rel1/arm-none-eabi/bin/../lib/gcc/arm-none-eabi/14.2.1/../../../../arm-none-eabi/lib/thumb/v7e-m+fp/hard/libc.a(libc_a-setbuf.o)
                              _build/microbit_before_startup.o (setbuf)
/Applications/ArmGNUToolchain/14.2.rel1/arm-none-eabi/bin/../lib/gcc/arm-none-eabi/14.2.1/../../../../arm-none-eabi/lib/thumb/v7e-m+fp/hard/libc.a(libc_a-setvbuf.o)
                              /Applications/ArmGNUToolchain/14.2.rel1/arm-none-eabi/bin/../lib/gcc/arm-none-eabi/14.2.1/../../../../arm-none-eabi/lib/thumb/v7e-m+fp/hard/libc.a(libc_a-setbuf.o) (setvbuf)
/Applications/ArmGNUToolchain/14.2.rel1/arm-none-eabi/bin/../lib/gcc/arm-none-eabi/14.2.1/../../../../arm-none-eabi/lib/thumb/v7e-m+fp/hard/libc.a(libc_a-findfp.o)
                              /Applications/ArmGNUToolchain/14.2.rel1/arm-none-eabi/bin/../lib/gcc/arm-none-eabi/14.2.1/../../../../arm-none-eabi/lib/thumb/v7e-m+fp/hard/libc.a(libc_a-exit.o) (__stdio_exit_handler)
/Applications/ArmGNUToolchain/14.2.rel1/arm-none-eabi/bin/../lib/gcc/arm-none-eabi/14.2.1/../../../../arm-none-eabi/lib/thumb/v7e-m+fp/hard/libc.a(libc_a-memcmp.o)
                              _build/nrf_twi_mngr.o (memcmp)
/Applications/ArmGNUToolchain/14.2.rel1/arm-none-eabi/bin/../lib/gcc/arm-none-eabi/14.2.1/../../../../arm-none-eabi/lib/thumb/v7e-m+fp/hard/libc.a(libc_a-memset.o)
                              /Applications/ArmGNUToolchain/14.2.rel1/arm-none-eabi/bin/../lib/gcc/arm-none-eabi/14.2.1/../../../../arm-none-eabi/lib/thumb/v7e-m+fp/hard/crt0.o (memset)
/Applications/ArmGNUToolchain/14.2.rel1/arm-none-eabi/bin/../lib/gcc/arm-none-eabi/14.2.1/../../../../arm-none-eabi/lib/thumb/v7e-m+fp/hard/libc.a(libc_a-impure.o)
                              _build/microbit_before_startup.o (_impure_ptr)
/Applications/ArmGNUToolchain/14.2.rel1/arm-none-eabi/bin/../lib/gcc/arm-none-eabi/14.2.1/../../../../arm-none-eabi/lib/thumb/v7e-m+fp/hard/libc.a(libc_a-init.o)
                              /Applications/ArmGNUToolchain/14.2.rel1/arm-none-eabi/bin/../lib/gcc/arm-none-eabi/14.2.1/../../../../arm-none-eabi/lib/thumb/v7e-m+fp/hard/crt0.o (__libc_init_array)
/Applications/ArmGNUToolchain/14.2.rel1/arm-none-eabi/bin/../lib/gcc/arm-none-eabi/14.2.1/../../../../arm-none-eabi/lib/thumb/v7e-m+fp/hard/libc.a(libc_a-lock.o)
                              /Applications/ArmGNUToolchain/14.2.rel1/arm-none-eabi/bin/../lib/gcc/arm-none-eabi/14.2.1/../../../../arm-none-eabi/lib/thumb/v7e-m+fp/hard/libc.a(libc_a-findfp.o) (__retarget_lock_init_recursive)
/Applications/ArmGNUToolchain/14.2.rel1/arm-none-eabi/bin/../lib/gcc/arm-none-eabi/14.2.1/../../../../arm-none-eabi/lib/thumb/v7e-m+fp/hard/libc.a(libc_a-memcpy.o)
                              _build/oled_64x48.o (memcpy)
/Applications/ArmGNUToolchain/14.2.rel1/arm-none-eabi/bin/../lib/gcc/arm-none-eabi/14.2.1/../../../../arm-none-eabi/lib/thumb/v7e-m+fp/hard/libc.a(libc_a-strlen.o)
                              _build/nrf_fprintf_format.o (strlen)
/Applications/ArmGNUToolchain/14.2.rel1/arm-none-eabi/bin/../lib/gcc/arm-none-eabi/14.2.1/../../../../arm-none-eabi/lib/thumb/v7e-m+fp/hard/libc.a(libc_a-ctype_.o)
                              _build/nrf_log_str_formatter.o (_ctype_)
/Applications/ArmGNUToolchain/14.2.rel1/arm-none-eabi/bin/../lib/gcc/arm-none-eabi/14.2.1/../../../../arm-none-eabi/lib/thumb/v7e-m+fp/hard/libc.a(libc_a-__call_atexit.o)
                              /Applications/ArmGNUToolchain/14.2.rel1/arm-none-eabi/bin/../lib/gcc/arm-none-eabi/14.2.1/../../../../arm-none-eabi/lib/thumb/v7e-m+fp/hard/libc.a(libc_a-exit.o) (__call_exitprocs)
/Applications/ArmGNUToolchain/14.2.rel1/arm-none-eabi/bin/../lib/gcc/arm-none-eabi/14.2.1/../../../../arm-none-eabi/lib/thumb/v7e-m+fp/hard/libc.a(libc_a-atexit.o)
                              /Applications/ArmGNUToolchain/14.2.rel1/arm-none-eabi/bin/../lib/gcc/arm-none-eabi/14.2.1/../../../../arm-none-eabi/lib/thumb/v7e-m+fp/hard/libc.a(libc_a-__call_atexit.o) (atexit)
/Applications/ArmGNUToolchain/14.2.rel1/arm-none-eabi/bin/../lib/gcc/arm-none-eabi/14.2.1/../../../../arm-none-eabi/lib/thumb/v7e-m+fp/hard/libc.a(libc_a-freer.o)
                              /Applications/ArmGNUToolchain/14.2.rel1/arm-none-eabi/bin/../lib/gcc/arm-none-eabi/14.2.1/../../../../arm-none-eabi/lib/thumb/v7e-m+fp/hard/libc.a(libc_a-setvbuf.o) (_free_r)
[...]
Memory Configuration

Name             Origin             Length             Attributes
FLASH            0x00000000         0x00080000         xr
RAM              0x20000000         0x00020000         xrw
*default*        0x00000000         0xffffffff

Linker script and memory map

                0x0007f000                        __stop_ot_flash_data = ((ORIGIN (FLASH) + LENGTH (FLASH)) - FLASH_PAGE_SIZE)
                0x0007b000                        __start_ot_flash_data = (__stop_ot_flash_data - (FLASH_PAGE_SIZE * FLASH_DATA_PAGES_USED))
                0x00000001                        ASSERT ((__start_ot_flash_data >= (__etext + SIZEOF (.data))), Error: Code overlaps flash data area.)

.text           0x00000000     0xd094
 *(.isr_vector)
 .isr_vector    0x00000000      0x200 _build/gcc_startup_nrf52833.os
                0x00000000                __isr_vector
 *(.text*)
 .text.deregister_tm_clones
                0x00000200       0x1c /Applications/ArmGNUToolchain/14.2.rel1/arm-none-eabi/bin/../lib/gcc/arm-none-eabi/14.2.1/thumb/v7e-m+fp/hard/crtbegin.o
 .text.register_tm_clones
                0x0000021c       0x24 /Applications/ArmGNUToolchain/14.2.rel1/arm-none-eabi/bin/../lib/gcc/arm-none-eabi/14.2.1/thumb/v7e-m+fp/hard/crtbegin.o
 .text.__do_global_dtors_aux
                0x00000240       0x28 /Applications/ArmGNUToolchain/14.2.rel1/arm-none-eabi/bin/../lib/gcc/arm-none-eabi/14.2.1/thumb/v7e-m+fp/hard/crtbegin.o
 .text.frame_dummy
                0x00000268       0x24 /Applications/ArmGNUToolchain/14.2.rel1/arm-none-eabi/bin/../lib/gcc/arm-none-eabi/14.2.1/thumb/v7e-m+fp/hard/crtbegin.o
 .text          0x0000028c       0x7c /Applications/ArmGNUToolchain/14.2.rel1/arm-none-eabi/bin/../lib/gcc/arm-none-eabi/14.2.1/../../../../arm-none-eabi/lib/thumb/v7e-m+fp/hard/crt0.o
                0x0000028c                _stack_init
                0x00000294                _mainCRTStartup
                0x00000294                _start
 .text.i2c_init_bus
                0x00000308       0x64 _build/i2c_simple.o
                0x00000308                i2c_init_bus
 .text.i2c_probe
                0x0000036c       0x20 _build/i2c_simple.o
                0x0000036c                i2c_probe
 .text.startup.main
                0x0000038c       0x90 _build/main.o
                0x0000038c                main
 .text.nrf_gpio_pin_port_decode
                0x0000041c       0x30 _build/better_error_handling.o
 .text.nrf_gpio_pin_clear
                0x0000044c       0x1a _build/better_error_handling.o
 .text.nrf_gpio_pin_set
                0x00000466       0x1a _build/better_error_handling.o
 .text.nrf_delay_ms.part.0
                0x00000480       0x1c _build/better_error_handling.o
 .text.error_blink_pattern
                0x0000049c       0xc4 _build/better_error_handling.o
 .text.app_error_fault_handler
                0x00000560       0x70 _build/better_error_handling.o
                0x00000560                app_error_fault_handler
 .text.HardFault_c_handler
                0x000005d0       0xe8 _build/better_error_handling.o
                0x000005d0                HardFault_c_handler
 .text._close   0x000006b8        0x2 _build/clib_stubs.o
                0x000006b8                _close
 .text._fstat   0x000006ba        0x2 _build/clib_stubs.o
                0x000006ba                _fstat
 .text._getpid  0x000006bc        0x2 _build/clib_stubs.o
                0x000006bc                _getpid
 .text._isatty  0x000006be        0x2 _build/clib_stubs.o
                0x000006be                _isatty
 .text._kill    0x000006c0        0x2 _build/clib_stubs.o
                0x000006c0                _kill
 .text._lseek   0x000006c2        0x2 _build/clib_stubs.o
                0x000006c2                _lseek
 .text.startup.called_first
                0x000006c4       0x48 _build/microbit_before_startup.o
                0x000006c4                called_first
 .text.nrf_log_backend_uart_flush
                0x0000070c        0x2 _build/microbit_nrf_log_backend_uart.o
 *fill*         0x0000070e        0x2 
 .text.nrf_log_backend_uart_put
                0x00000710       0x1c _build/microbit_nrf_log_backend_uart.o
 .text.uart_init.constprop.0
                0x0000072c       0x54 _build/microbit_nrf_log_backend_uart.o
 .text.serial_tx
                0x00000780       0x50 _build/microbit_nrf_log_backend_uart.o
 .text.nrf_log_backend_uart_panic_set
                0x000007d0       0x2c _build/microbit_nrf_log_backend_uart.o
 .text.nrf_log_backend_uart_init
                0x000007fc        0x4 _build/microbit_nrf_log_backend_uart.o
                0x000007fc                nrf_log_backend_uart_init
 .text._write   0x00000800       0x2c _build/microbit_retarget.o
                0x00000800                _write
 .text._read    0x0000082c       0x30 _build/microbit_retarget.o
                0x0000082c                _read
 .text.app_error_handler
                0x0000085c       0x1a _build/app_error_handler_gcc.o
                0x0000085c                app_error_handler
 *fill*         0x00000876        0x2 
 .text.nrfx_coredep_delay_us.part.0.constprop.0
                0x00000878       0x10 _build/app_timer.o
 .text.RTC1_IRQHandler
                0x00000888       0x98 _build/app_timer.o
                0x00000888                RTC1_IRQHandler
 .text.SWI0_EGU0_IRQHandler
                0x00000920      0x2bc _build/app_timer.o
                0x00000920                SWI0_EGU0_IRQHandler
 .text.app_util_disable_irq
                0x00000bdc       0x10 _build/app_util_platform.o
                0x00000bdc                app_util_disable_irq
 .text.app_util_enable_irq
                0x00000bec       0x14 _build/app_util_platform.o
                0x00000bec                app_util_enable_irq
 .text.privilege_level_get
                0x00000c00       0x1a _build/app_util_platform.o
                0x00000c00                privilege_level_get
 *fill*         0x00000c1a        0x2 
 .text.app_util_critical_region_enter
                0x00000c1c       0x20 _build/app_util_platform.o
                0x00000c1c                app_util_critical_region_enter
 .text.app_util_critical_region_exit
                0x00000c3c       0x20 _build/app_util_platform.o
                0x00000c3c                app_util_critical_region_exit
 .text.HardFault_Handler
                0x00000c5c       0x34 _build/hardfault_handler_gcc.o
                0x00000c5c                HardFault_Handler
 .text.assert_nrf_callback
                0x00000c90       0x1a _build/nrf_assert.o
                0x00000c90                assert_nrf_callback
 .text.nrf_atomic_u32_fetch_store
                0x00000caa       0x16 _build/nrf_atomic.o
                0x00000caa                nrf_atomic_u32_fetch_store
 .text.nrf_atomic_u32_or
                0x00000cc0       0x18 _build/nrf_atomic.o
                0x00000cc0                nrf_atomic_u32_or
 .text.nrf_atomic_u32_fetch_and
                0x00000cd8       0x18 _build/nrf_atomic.o
                0x00000cd8                nrf_atomic_u32_fetch_and
 .text.nrf_atomic_u32_add
                0x00000cf0       0x18 _build/nrf_atomic.o
                0x00000cf0                nrf_atomic_u32_add
 .text.nrf_atomic_u32_sub
                0x00000d08       0x18 _build/nrf_atomic.o
                0x00000d08                nrf_atomic_u32_sub
 .text.nrf_atomic_flag_set
                0x00000d20        0x6 _build/nrf_atomic.o
                0x00000d20                nrf_atomic_flag_set
 .text.nrf_atomic_flag_clear_fetch
                0x00000d26        0x6 _build/nrf_atomic.o
                0x00000d26                nrf_atomic_flag_clear_fetch
 .text.nrf_balloc_init
                0x00000d2c       0x7c _build/nrf_balloc.o
                0x00000d2c                nrf_balloc_init
 .text.nrf_balloc_alloc
                0x00000da8       0x54 _build/nrf_balloc.o
                0x00000da8                nrf_balloc_alloc
 .text.nrf_balloc_free
                0x00000dfc       0x48 _build/nrf_balloc.o
                0x00000dfc                nrf_balloc_free
 .text.twim_evt_handler
                0x00000e44       0x40 _build/nrf_drv_twi.o
 .text.nrf_gpio_pin_port_decode
                0x00000e84       0x30 _build/nrf_drv_twi.o
 .text.nrf_gpio_pin_set
                0x00000eb4       0x1a _build/nrf_drv_twi.o
 *fill*         0x00000ece        0x2 
 .text.nrfx_coredep_delay_us.part.0.constprop.0
                0x00000ed0       0x10 _build/nrf_drv_twi.o
 .text.nrf_drv_twi_init
                0x00000ee0       0xec _build/nrf_drv_twi.o
                0x00000ee0                nrf_drv_twi_init
 .text.uarte_evt_handler
                0x00000fcc       0x34 _build/nrf_drv_uart.o
 .text.uart_evt_handler
                0x00001000       0x34 _build/nrf_drv_uart.o
 .text.nrf_drv_uart_init
                0x00001034       0x7c _build/nrf_drv_uart.o
                0x00001034                nrf_drv_uart_init
 .text.nrf_fprintf_buffer_flush
                0x000010b0       0x24 _build/nrf_fprintf.o
                0x000010b0                nrf_fprintf_buffer_flush
 .text.nrf_fprintf
                0x000010d4       0x54 _build/nrf_fprintf.o
                0x000010d4                nrf_fprintf
 .text.buffer_add
                0x00001128       0x1e _build/nrf_fprintf_format.o
 *fill*         0x00001146        0x2 
 .text.unsigned_print
                0x00001148       0xb4 _build/nrf_fprintf_format.o
 .text.nrf_fprintf_fmt
                0x000011fc      0x2e8 _build/nrf_fprintf_format.o
                0x000011fc                nrf_fprintf_fmt
 .text.nrf_log_backend_serial_put
                0x000014e4       0xc2 _build/nrf_log_backend_serial.o
                0x000014e4                nrf_log_backend_serial_put
 *fill*         0x000015a6        0x2 
 .text.nrf_log_default_backends_init
                0x000015a8       0x30 _build/nrf_log_default_backends.o
                0x000015a8                nrf_log_default_backends_init
 .text.invalid_packets_omit
                0x000015d8       0x38 _build/nrf_log_frontend.o
 .text.buf_prealloc.isra.0
                0x00001610      0x128 _build/nrf_log_frontend.o
 .text.nrf_log_init
                0x00001738       0x3c _build/nrf_log_frontend.o
                0x00001738                nrf_log_init
 .text.nrf_log_module_name_get
                0x00001774       0x38 _build/nrf_log_frontend.o
                0x00001774                nrf_log_module_name_get
 .text.nrf_log_color_id_get
                0x000017ac       0x2c _build/nrf_log_frontend.o
                0x000017ac                nrf_log_color_id_get
 .text.buffer_is_empty
                0x000017d8       0x14 _build/nrf_log_frontend.o
                0x000017d8                buffer_is_empty
 .text.nrf_log_frontend_dequeue
                0x000017ec      0x220 _build/nrf_log_frontend.o
                0x000017ec                nrf_log_frontend_dequeue
 .text.std_n    0x00001a0c       0xb8 _build/nrf_log_frontend.o
 .text.nrf_log_frontend_std_0
                0x00001ac4        0x8 _build/nrf_log_frontend.o
                0x00001ac4                nrf_log_frontend_std_0
 .text.nrf_log_frontend_std_1
                0x00001acc       0x12 _build/nrf_log_frontend.o
                0x00001acc                nrf_log_frontend_std_1
 .text.nrf_log_frontend_std_3
                0x00001ade       0x18 _build/nrf_log_frontend.o
                0x00001ade                nrf_log_frontend_std_3
 .text.nrf_log_frontend_std_4
                0x00001af6       0x1c _build/nrf_log_frontend.o
                0x00001af6                nrf_log_frontend_std_4
 *fill*         0x00001b12        0x2 
 .text.nrf_log_backend_add
                0x00001b14       0x54 _build/nrf_log_frontend.o
                0x00001b14                nrf_log_backend_add
 .text.nrf_log_panic
                0x00001b68       0x28 _build/nrf_log_frontend.o
                0x00001b68                nrf_log_panic
 .text.postfix_process
                0x00001b90       0x3c _build/nrf_log_str_formatter.o
 .text.prefix_process.constprop.0
                0x00001bcc       0x78 _build/nrf_log_str_formatter.o
 .text.nrf_log_std_entry_process
                0x00001c44       0xc8 _build/nrf_log_str_formatter.o
                0x00001c44                nrf_log_std_entry_process
 .text.nrf_log_hexdump_entry_process
                0x00001d0c       0xb0 _build/nrf_log_str_formatter.o
                0x00001d0c                nrf_log_hexdump_entry_process
 .text.memobj_op
                0x00001dbc       0xa8 _build/nrf_memobj.o
 .text.nrf_memobj_pool_init
                0x00001e64        0x4 _build/nrf_memobj.o
                0x00001e64                nrf_memobj_pool_init
 .text.nrf_memobj_free
                0x00001e68       0x2c _build/nrf_memobj.o
                0x00001e68                nrf_memobj_free
 .text.nrf_memobj_alloc
                0x00001e94       0x58 _build/nrf_memobj.o
                0x00001e94                nrf_memobj_alloc
 .text.nrf_memobj_get
                0x00001eec        0x8 _build/nrf_memobj.o
                0x00001eec                nrf_memobj_get
 .text.nrf_memobj_put
                0x00001ef4       0x1c _build/nrf_memobj.o
                0x00001ef4                nrf_memobj_put
 .text.nrf_memobj_write
                0x00001f10       0x2c _build/nrf_memobj.o
                0x00001f10                nrf_memobj_write
 .text.nrf_memobj_read
                0x00001f3c       0x30 _build/nrf_memobj.o
                0x00001f3c                nrf_memobj_read
 .text.nrf_ringbuf_init
                0x00001f6c       0x1c _build/nrf_ringbuf.o
                0x00001f6c                nrf_ringbuf_init
 .text.nrf_strerror_find
                0x00001f88       0x34 _build/nrf_strerror.o
                0x00001f88                nrf_strerror_find
 .text.nrf_strerror_get
                0x00001fbc       0x14 _build/nrf_strerror.o
                0x00001fbc                nrf_strerror_get
 .text.POWER_CLOCK_IRQHandler
                0x00001fd0       0x5c _build/nrfx_clock.o
                0x00001fd0                POWER_CLOCK_IRQHandler
 .text.nrf_gpiote_event_clear
                0x0000202c       0x18 _build/nrfx_gpiote.o
 .text.nrf_bitmask_bit_set
                0x00002044       0x12 _build/nrfx_gpiote.o
 *fill*         0x00002056        0x2 
 .text.nrf_gpio_pin_port_decode
                0x00002058       0x30 _build/nrfx_gpiote.o
 .text.nrf_gpio_cfg_sense_set
                0x00002088       0x2e _build/nrfx_gpiote.o
 *fill*         0x000020b6        0x2 
 .text.nrf_gpio_ports_read.constprop.0
                0x000020b8       0x18 _build/nrfx_gpiote.o
 .text.GPIOTE_IRQHandler
                0x000020d0      0x194 _build/nrfx_gpiote.o
                0x000020d0                GPIOTE_IRQHandler
 .text.UARTE0_UART0_IRQHandler
                0x00002264       0x20 _build/nrfx_prs.o
                0x00002264                UARTE0_UART0_IRQHandler
 .text.nrfx_prs_acquire
                0x00002284       0x44 _build/nrfx_prs.o
                0x00002284                nrfx_prs_acquire
 .text.nrfx_prs_release
                0x000022c8       0x28 _build/nrfx_prs.o
                0x000022c8                nrfx_prs_release
 .text.nrf_pwm_event_clear
                0x000022f0       0x10 _build/nrfx_pwm.o
 .text.irq_handler
                0x00002300       0x80 _build/nrfx_pwm.o
 .text.PWM0_IRQHandler
                0x00002380       0x10 _build/nrfx_pwm.o
                0x00002380                PWM0_IRQHandler
 .text.PWM1_IRQHandler
                0x00002390       0x10 _build/nrfx_pwm.o
                0x00002390                PWM1_IRQHandler
 .text.nrf_saadc_event_clear
                0x000023a0       0x18 _build/nrfx_saadc.o
 .text.SAADC_IRQHandler
                0x000023b8      0x158 _build/nrfx_saadc.o
                0x000023b8                SAADC_IRQHandler
 .text.nrf_gpio_pin_port_decode
                0x00002510       0x30 _build/nrfx_spim.o
 .text.nrf_gpio_pin_clear
                0x00002540       0x1a _build/nrfx_spim.o
 .text.nrf_gpio_pin_set
                0x0000255a       0x1a _build/nrfx_spim.o
 .text.SPIM2_SPIS2_SPI2_IRQHandler
                0x00002574       0x64 _build/nrfx_spim.o
                0x00002574                SPIM2_SPIS2_SPI2_IRQHandler
 .text.irq_handler.constprop.0
                0x000025d8       0x4c _build/nrfx_timer.o
 .text.TIMER0_IRQHandler
                0x00002624       0x10 _build/nrfx_timer.o
                0x00002624                TIMER0_IRQHandler
 .text.TIMER1_IRQHandler
                0x00002634       0x10 _build/nrfx_timer.o
                0x00002634                TIMER1_IRQHandler
 .text.nrf_twim_event_clear
                0x00002644       0x10 _build/nrfx_twim.o
 .text.xfer_completeness_check
                0x00002654       0x6c _build/nrfx_twim.o
 .text.nrf_gpio_pin_port_decode
                0x000026c0       0x30 _build/nrfx_twim.o
 .text.twim_irq_handler
                0x000026f0      0x138 _build/nrfx_twim.o
 .text.SPIM0_SPIS0_TWIM0_TWIS0_SPI0_TWI0_IRQHandler
                0x00002828       0x10 _build/nrfx_twim.o
                0x00002828                SPIM0_SPIS0_TWIM0_TWIS0_SPI0_TWI0_IRQHandler
 .text.SPIM1_SPIS1_TWIM1_TWIS1_SPI1_TWI1_IRQHandler
                0x00002838       0x10 _build/nrfx_twim.o
                0x00002838                SPIM1_SPIS1_TWIM1_TWIS1_SPI1_TWI1_IRQHandler
 .text.nrfx_twim_init
                0x00002848      0x138 _build/nrfx_twim.o
                0x00002848                nrfx_twim_init
 .text.nrfx_twim_enable
                0x00002980       0x40 _build/nrfx_twim.o
                0x00002980                nrfx_twim_enable
 .text.nrfx_twim_xfer
                0x000029c0      0x31c _build/nrfx_twim.o
                0x000029c0                nrfx_twim_xfer
 .text.nrfx_twim_tx
                0x00002cdc       0x26 _build/nrfx_twim.o
                0x00002cdc                nrfx_twim_tx
 .text.nrf_uart_event_clear
                0x00002d02       0x10 _build/nrfx_uart.o
 .text.tx_byte  0x00002d12       0x1e _build/nrfx_uart.o
 .text.rx_enable
                0x00002d30       0x20 _build/nrfx_uart.o
 .text.nrf_gpio_pin_port_decode
                0x00002d50       0x30 _build/nrfx_uart.o
 .text.nrf_gpio_cfg_default
                0x00002d80       0x1c _build/nrfx_uart.o
 .text.rx_byte  0x00002d9c       0x2c _build/nrfx_uart.o
 .text.rx_done_event.constprop.0
                0x00002dc8       0x20 _build/nrfx_uart.o
 .text.nrfx_uart_0_irq_handler
                0x00002de8      0x144 _build/nrfx_uart.o
                0x00002de8                nrfx_uart_0_irq_handler
 .text.nrfx_uart_init
                0x00002f2c      0x1d8 _build/nrfx_uart.o
                0x00002f2c                nrfx_uart_init
 .text.nrfx_uart_uninit
                0x00003104       0xc0 _build/nrfx_uart.o
                0x00003104                nrfx_uart_uninit
 .text.nrfx_uart_tx_in_progress
                0x000031c4       0x18 _build/nrfx_uart.o
                0x000031c4                nrfx_uart_tx_in_progress
 .text.nrfx_uart_tx
                0x000031dc       0xd4 _build/nrfx_uart.o
                0x000031dc                nrfx_uart_tx
 .text.nrfx_uart_rx
                0x000032b0      0x134 _build/nrfx_uart.o
                0x000032b0                nrfx_uart_rx
 .text.nrf_uarte_event_clear
                0x000033e4       0x10 _build/nrfx_uarte.o
 .text.rx_done_event
                0x000033f4       0x1a _build/nrfx_uarte.o
 *fill*         0x0000340e        0x2 
 .text.nrf_gpio_pin_port_decode
                0x00003410       0x30 _build/nrfx_uarte.o
 .text.nrf_gpio_cfg_default
                0x00003440       0x1c _build/nrfx_uarte.o
 .text.uarte_irq_handler
                0x0000345c      0x10a _build/nrfx_uarte.o
 *fill*         0x00003566        0x2 
 .text.nrfx_uarte_0_irq_handler
                0x00003568       0x10 _build/nrfx_uarte.o
                0x00003568                nrfx_uarte_0_irq_handler
 .text.UARTE1_IRQHandler
                0x00003578       0x10 _build/nrfx_uarte.o
                0x00003578                UARTE1_IRQHandler
 .text.nrfx_uarte_init
                0x00003588      0x1f4 _build/nrfx_uarte.o
                0x00003588                nrfx_uarte_init
 .text.nrfx_uarte_uninit
                0x0000377c       0xec _build/nrfx_uarte.o
                0x0000377c                nrfx_uarte_uninit
 .text.nrfx_uarte_tx_in_progress
                0x00003868       0x18 _build/nrfx_uarte.o
                0x00003868                nrfx_uarte_tx_in_progress
 .text.nrfx_uarte_tx
                0x00003880       0xf4 _build/nrfx_uarte.o
                0x00003880                nrfx_uarte_tx
 .text.nrfx_uarte_rx
                0x00003974      0x148 _build/nrfx_uarte.o
                0x00003974                nrfx_uarte_rx
 .text.__NVIC_SystemReset
                0x00003abc       0x24 _build/system_nrf52833.o
 .text.errata_36
                0x00003ae0       0x1a _build/system_nrf52833.o
 *fill*         0x00003afa        0x2 
 .text.SystemInit
                0x00003afc      0x19c _build/system_nrf52833.o
                0x00003afc                SystemInit
 .text          0x00003c98       0x3c _build/gcc_startup_nrf52833.os
                0x00003c98                Reset_Handler
                0x00003cc0                NMI_Handler
                0x00003cc4                MemoryManagement_Handler
                0x00003cc6                BusFault_Handler
                0x00003cc8                UsageFault_Handler
                0x00003cca                SVC_Handler
                0x00003ccc                DebugMon_Handler
                0x00003cce                PendSV_Handler
                0x00003cd0                SysTick_Handler
                0x00003cd2                FPU_IRQHandler
                0x00003cd2                USBD_IRQHandler
                0x00003cd2                TIMER4_IRQHandler
                0x00003cd2                I2S_IRQHandler
                0x00003cd2                SWI4_EGU4_IRQHandler
                0x00003cd2                SPIM3_IRQHandler
                0x00003cd2                PWM2_IRQHandler
                0x00003cd2                ECB_IRQHandler
                0x00003cd2                Default_Handler
                0x00003cd2                CCM_AAR_IRQHandler
                0x00003cd2                WDT_IRQHandler
                0x00003cd2                SWI5_EGU5_IRQHandler
                0x00003cd2                RNG_IRQHandler
                0x00003cd2                RTC2_IRQHandler
                0x00003cd2                SWI3_EGU3_IRQHandler
                0x00003cd2                SWI1_EGU1_IRQHandler
                0x00003cd2                NFCT_IRQHandler
                0x00003cd2                MWU_IRQHandler
                0x00003cd2                TIMER2_IRQHandler
                0x00003cd2                COMP_LPCOMP_IRQHandler
                0x00003cd2                RTC0_IRQHandler
                0x00003cd2                SWI2_EGU2_IRQHandler
                0x00003cd2                RADIO_IRQHandler
                0x00003cd2                PDM_IRQHandler
                0x00003cd2                TEMP_IRQHandler
                0x00003cd2                QDEC_IRQHandler
                0x00003cd2                TIMER3_IRQHandler
                0x00003cd2                PWM3_IRQHandler
 .text.exit     0x00003cd4       0x1c /Applications/ArmGNUToolchain/14.2.rel1/arm-none-eabi/bin/../lib/gcc/arm-none-eabi/14.2.1/../../../../arm-none-eabi/lib/thumb/v7e-m+fp/hard/libc.a(libc_a-exit.o)
                0x00003cd4                exit
 .text.printf   0x00003cf0       0x28 /Applications/ArmGNUToolchain/14.2.rel1/arm-none-eabi/bin/../lib/gcc/arm-none-eabi/14.2.1/../../../../arm-none-eabi/lib/thumb/v7e-m+fp/hard/libc.a(libc_a-printf.o)
                0x00003cf0                printf
 .text.setbuf   0x00003d18       0x10 /Applications/ArmGNUToolchain/14.2.rel1/arm-none-eabi/bin/../lib/gcc/arm-none-eabi/14.2.1/../../../../arm-none-eabi/lib/thumb/v7e-m+fp/hard/libc.a(libc_a-setbuf.o)
                0x00003d18                setbuf
 .text.setvbuf  0x00003d28      0x1a4 /Applications/ArmGNUToolchain/14.2.rel1/arm-none-eabi/bin/../lib/gcc/arm-none-eabi/14.2.1/../../../../arm-none-eabi/lib/thumb/v7e-m+fp/hard/libc.a(libc_a-setvbuf.o)
                0x00003d28                setvbuf
 .text.stdio_exit_handler
                0x00003ecc       0x18 /Applications/ArmGNUToolchain/14.2.rel1/arm-none-eabi/bin/../lib/gcc/arm-none-eabi/14.2.1/../../../../arm-none-eabi/lib/thumb/v7e-m+fp/hard/libc.a(libc_a-findfp.o)
 .text.cleanup_stdio
                0x00003ee4       0x40 /Applications/ArmGNUToolchain/14.2.rel1/arm-none-eabi/bin/../lib/gcc/arm-none-eabi/14.2.1/../../../../arm-none-eabi/lib/thumb/v7e-m+fp/hard/libc.a(libc_a-findfp.o)
 .text.global_stdio_init.part.0
                0x00003f24       0xf0 /Applications/ArmGNUToolchain/14.2.rel1/arm-none-eabi/bin/../lib/gcc/arm-none-eabi/14.2.1/../../../../arm-none-eabi/lib/thumb/v7e-m+fp/hard/libc.a(libc_a-findfp.o)
 .text.__sinit  0x00004014       0x3c /Applications/ArmGNUToolchain/14.2.rel1/arm-none-eabi/bin/../lib/gcc/arm-none-eabi/14.2.1/../../../../arm-none-eabi/lib/thumb/v7e-m+fp/hard/libc.a(libc_a-findfp.o)
                0x00004014                __sinit
 .text.__sfp_lock_acquire
                0x00004050        0xc /Applications/ArmGNUToolchain/14.2.rel1/arm-none-eabi/bin/../lib/gcc/arm-none-eabi/14.2.1/../../../../arm-none-eabi/lib/thumb/v7e-m+fp/hard/libc.a(libc_a-findfp.o)
                0x00004050                __sfp_lock_acquire
 .text.__sfp_lock_release
                0x0000405c        0xc /Applications/ArmGNUToolchain/14.2.rel1/arm-none-eabi/bin/../lib/gcc/arm-none-eabi/14.2.1/../../../../arm-none-eabi/lib/thumb/v7e-m+fp/hard/libc.a(libc_a-findfp.o)
                0x0000405c                __sfp_lock_release
 .text.memset   0x00004068       0x9c /Applications/ArmGNUToolchain/14.2.rel1/arm-none-eabi/bin/../lib/gcc/arm-none-eabi/14.2.1/../../../../arm-none-eabi/lib/thumb/v7e-m+fp/hard/libc.a(libc_a-memset.o)
                0x00004068                memset
 .text.__libc_init_array
                0x00004104       0x50 /Applications/ArmGNUToolchain/14.2.rel1/arm-none-eabi/bin/../lib/gcc/arm-none-eabi/14.2.1/../../../../arm-none-eabi/lib/thumb/v7e-m+fp/hard/libc.a(libc_a-init.o)
                0x00004104                __libc_init_array
 .text.__retarget_lock_init_recursive
                0x00004154        0x4 /Applications/ArmGNUToolchain/14.2.rel1/arm-none-eabi/bin/../lib/gcc/arm-none-eabi/14.2.1/../../../../arm-none-eabi/lib/thumb/v7e-m+fp/hard/libc.a(libc_a-lock.o)
                0x00004154                __retarget_lock_init_recursive
 .text.__retarget_lock_close_recursive
                0x00004158        0x4 /Applications/ArmGNUToolchain/14.2.rel1/arm-none-eabi/bin/../lib/gcc/arm-none-eabi/14.2.1/../../../../arm-none-eabi/lib/thumb/v7e-m+fp/hard/libc.a(libc_a-lock.o)
                0x00004158                __retarget_lock_close_recursive
 .text.__retarget_lock_acquire_recursive
                0x0000415c        0x4 /Applications/ArmGNUToolchain/14.2.rel1/arm-none-eabi/bin/../lib/gcc/arm-none-eabi/14.2.1/../../../../arm-none-eabi/lib/thumb/v7e-m+fp/hard/libc.a(libc_a-lock.o)
                0x0000415c                __retarget_lock_acquire_recursive
 .text.__retarget_lock_release_recursive
                0x00004160        0x4 /Applications/ArmGNUToolchain/14.2.rel1/arm-none-eabi/bin/../lib/gcc/arm-none-eabi/14.2.1/../../../../arm-none-eabi/lib/thumb/v7e-m+fp/hard/libc.a(libc_a-lock.o)
                0x00004160                __retarget_lock_release_recursive
 .text          0x00004164      0x134 /Applications/ArmGNUToolchain/14.2.rel1/arm-none-eabi/bin/../lib/gcc/arm-none-eabi/14.2.1/../../../../arm-none-eabi/lib/thumb/v7e-m+fp/hard/libc.a(libc_a-memcpy.o)
                0x00004164                memcpy
 *fill*         0x00004298       0x28 
 .text          0x000042c0       0xd8 /Applications/ArmGNUToolchain/14.2.rel1/arm-none-eabi/bin/../lib/gcc/arm-none-eabi/14.2.1/../../../../arm-none-eabi/lib/thumb/v7e-m+fp/hard/libc.a(libc_a-strlen.o)
                0x000042c0                strlen
 .text.startup.register_fini
                0x00004398       0x14 /Applications/ArmGNUToolchain/14.2.rel1/arm-none-eabi/bin/../lib/gcc/arm-none-eabi/14.2.1/../../../../arm-none-eabi/lib/thumb/v7e-m+fp/hard/libc.a(libc_a-__call_atexit.o)
 .text.__call_exitprocs
                0x000043ac       0xc0 /Applications/ArmGNUToolchain/14.2.rel1/arm-none-eabi/bin/../lib/gcc/arm-none-eabi/14.2.1/../../../../arm-none-eabi/lib/thumb/v7e-m+fp/hard/libc.a(libc_a-__call_atexit.o)
                0x000043ac                __call_exitprocs
 .text.atexit   0x0000446c        0xc /Applications/ArmGNUToolchain/14.2.rel1/arm-none-eabi/bin/../lib/gcc/arm-none-eabi/14.2.1/../../../../arm-none-eabi/lib/thumb/v7e-m+fp/hard/libc.a(libc_a-atexit.o)
                0x0000446c                atexit
 .text._malloc_trim_r
                0x00004478       0xb8 /Applications/ArmGNUToolchain/14.2.rel1/arm-none-eabi/bin/../lib/gcc/arm-none-eabi/14.2.1/../../../../arm-none-eabi/lib/thumb/v7e-m+fp/hard/libc.a(libc_a-freer.o)
                0x00004478                _malloc_trim_r
 .text._free_r  0x00004530      0x1f0 /Applications/ArmGNUToolchain/14.2.rel1/arm-none-eabi/bin/../lib/gcc/arm-none-eabi/14.2.1/../../../../arm-none-eabi/lib/thumb/v7e-m+fp/hard/libc.a(libc_a-freer.o)
                0x00004530                _free_r
 .text.malloc   0x00004720       0x10 /Applications/ArmGNUToolchain/14.2.rel1/arm-none-eabi/bin/../lib/gcc/arm-none-eabi/14.2.1/../../../../arm-none-eabi/lib/thumb/v7e-m+fp/hard/libc.a(libc_a-malloc.o)
                0x00004720                malloc
 .text._malloc_r
                0x00004730      0x598 /Applications/ArmGNUToolchain/14.2.rel1/arm-none-eabi/bin/../lib/gcc/arm-none-eabi/14.2.1/../../../../arm-none-eabi/lib/thumb/v7e-m+fp/hard/libc.a(libc_a-mallocr.o)
                0x00004730                _malloc_r
 .text._vfprintf_r
                0x00004cc8     0x2320 /Applications/ArmGNUToolchain/14.2.rel1/arm-none-eabi/bin/../lib/gcc/arm-none-eabi/14.2.1/../../../../arm-none-eabi/lib/thumb/v7e-m+fp/hard/libc.a(libc_a-vfprintf.o)
                0x00004cc8                _vfprintf_r
 .text.__sbprintf
                0x00006fe8       0x84 /Applications/ArmGNUToolchain/14.2.rel1/arm-none-eabi/bin/../lib/gcc/arm-none-eabi/14.2.1/../../../../arm-none-eabi/lib/thumb/v7e-m+fp/hard/libc.a(libc_a-vfprintf.o)
 .text.__malloc_lock
                0x0000706c        0xc /Applications/ArmGNUToolchain/14.2.rel1/arm-none-eabi/bin/../lib/gcc/arm-none-eabi/14.2.1/../../../../arm-none-eabi/lib/thumb/v7e-m+fp/hard/libc.a(libc_a-mlock.o)
                0x0000706c                __malloc_lock
 .text.__malloc_unlock
                0x00007078        0xc /Applications/ArmGNUToolchain/14.2.rel1/arm-none-eabi/bin/../lib/gcc/arm-none-eabi/14.2.1/../../../../arm-none-eabi/lib/thumb/v7e-m+fp/hard/libc.a(libc_a-mlock.o)
                0x00007078                __malloc_unlock
 .text._fwalk_sglue
                0x00007084       0x44 /Applications/ArmGNUToolchain/14.2.rel1/arm-none-eabi/bin/../lib/gcc/arm-none-eabi/14.2.1/../../../../arm-none-eabi/lib/thumb/v7e-m+fp/hard/libc.a(libc_a-fwalk.o)
                0x00007084                _fwalk_sglue
 .text.__smakebuf_r
                0x000070c8       0xd0 /Applications/ArmGNUToolchain/14.2.rel1/arm-none-eabi/bin/../lib/gcc/arm-none-eabi/14.2.1/../../../../arm-none-eabi/lib/thumb/v7e-m+fp/hard/libc.a(libc_a-makebuf.o)
                0x000070c8                __smakebuf_r
 .text.__swhatbuf_r
                0x00007198       0x60 /Applications/ArmGNUToolchain/14.2.rel1/arm-none-eabi/bin/../lib/gcc/arm-none-eabi/14.2.1/../../../../arm-none-eabi/lib/thumb/v7e-m+fp/hard/libc.a(libc_a-makebuf.o)
                0x00007198                __swhatbuf_r
 .text.__sprint_r
                0x000071f8       0x20 /Applications/ArmGNUToolchain/14.2.rel1/arm-none-eabi/bin/../lib/gcc/arm-none-eabi/14.2.1/../../../../arm-none-eabi/lib/thumb/v7e-m+fp/hard/libc.a(libc_a-sprint_r.o)
                0x000071f8                __sprint_r
 .text._fclose_r
                0x00007218       0xc0 /Applications/ArmGNUToolchain/14.2.rel1/arm-none-eabi/bin/../lib/gcc/arm-none-eabi/14.2.1/../../../../arm-none-eabi/lib/thumb/v7e-m+fp/hard/libc.a(libc_a-fclose.o)
                0x00007218                _fclose_r
 .text.__sflush_r
                0x000072d8      0x134 /Applications/ArmGNUToolchain/14.2.rel1/arm-none-eabi/bin/../lib/gcc/arm-none-eabi/14.2.1/../../../../arm-none-eabi/lib/thumb/v7e-m+fp/hard/libc.a(libc_a-fflush.o)
                0x000072d8                __sflush_r
 .text._fflush_r
                0x0000740c       0x54 /Applications/ArmGNUToolchain/14.2.rel1/arm-none-eabi/bin/../lib/gcc/arm-none-eabi/14.2.1/../../../../arm-none-eabi/lib/thumb/v7e-m+fp/hard/libc.a(libc_a-fflush.o)
                0x0000740c                _fflush_r
 .text.__sread  0x00007460       0x24 /Applications/ArmGNUToolchain/14.2.rel1/arm-none-eabi/bin/../lib/gcc/arm-none-eabi/14.2.1/../../../../arm-none-eabi/lib/thumb/v7e-m+fp/hard/libc.a(libc_a-stdio.o)
                0x00007460                __sread
 .text.__swrite
                0x00007484       0x40 /Applications/ArmGNUToolchain/14.2.rel1/arm-none-eabi/bin/../lib/gcc/arm-none-eabi/14.2.1/../../../../arm-none-eabi/lib/thumb/v7e-m+fp/hard/libc.a(libc_a-stdio.o)
                0x00007484                __swrite
 .text.__sseek  0x000074c4       0x24 /Applications/ArmGNUToolchain/14.2.rel1/arm-none-eabi/bin/../lib/gcc/arm-none-eabi/14.2.1/../../../../arm-none-eabi/lib/thumb/v7e-m+fp/hard/libc.a(libc_a-stdio.o)
                0x000074c4                __sseek
 .text.__sclose
                0x000074e8        0x8 /Applications/ArmGNUToolchain/14.2.rel1/arm-none-eabi/bin/../lib/gcc/arm-none-eabi/14.2.1/../../../../arm-none-eabi/lib/thumb/v7e-m+fp/hard/libc.a(libc_a-stdio.o)
                0x000074e8                __sclose
 .text.__swsetup_r
                0x000074f0       0xfc /Applications/ArmGNUToolchain/14.2.rel1/arm-none-eabi/bin/../lib/gcc/arm-none-eabi/14.2.1/../../../../arm-none-eabi/lib/thumb/v7e-m+fp/hard/libc.a(libc_a-wsetup.o)
                0x000074f0                __swsetup_r
 .text.strncpy  0x000075ec       0x68 /Applications/ArmGNUToolchain/14.2.rel1/arm-none-eabi/bin/../lib/gcc/arm-none-eabi/14.2.1/../../../../arm-none-eabi/lib/thumb/v7e-m+fp/hard/libc.a(libc_a-strncpy.o)
                0x000075ec                strncpy
 .text.__locale_mb_cur_max
                0x00007654        0xc /Applications/ArmGNUToolchain/14.2.rel1/arm-none-eabi/bin/../lib/gcc/arm-none-eabi/14.2.1/../../../../arm-none-eabi/lib/thumb/v7e-m+fp/hard/libc.a(libc_a-locale.o)
                0x00007654                __locale_mb_cur_max
 .text._localeconv_r
                0x00007660        0x8 /Applications/ArmGNUToolchain/14.2.rel1/arm-none-eabi/bin/../lib/gcc/arm-none-eabi/14.2.1/../../../../arm-none-eabi/lib/thumb/v7e-m+fp/hard/libc.a(libc_a-localeconv.o)
                0x00007660                _localeconv_r
 .text._close_r
                0x00007668       0x24 /Applications/ArmGNUToolchain/14.2.rel1/arm-none-eabi/bin/../lib/gcc/arm-none-eabi/14.2.1/../../../../arm-none-eabi/lib/thumb/v7e-m+fp/hard/libc.a(libc_a-closer.o)
                0x00007668                _close_r
 .text._fstat_r
                0x0000768c       0x2c /Applications/ArmGNUToolchain/14.2.rel1/arm-none-eabi/bin/../lib/gcc/arm-none-eabi/14.2.1/../../../../arm-none-eabi/lib/thumb/v7e-m+fp/hard/libc.a(libc_a-fstatr.o)
                0x0000768c                _fstat_r
 .text._isatty_r
                0x000076b8       0x24 /Applications/ArmGNUToolchain/14.2.rel1/arm-none-eabi/bin/../lib/gcc/arm-none-eabi/14.2.1/../../../../arm-none-eabi/lib/thumb/v7e-m+fp/hard/libc.a(libc_a-isattyr.o)
                0x000076b8                _isatty_r
 .text._lseek_r
                0x000076dc       0x2c /Applications/ArmGNUToolchain/14.2.rel1/arm-none-eabi/bin/../lib/gcc/arm-none-eabi/14.2.1/../../../../arm-none-eabi/lib/thumb/v7e-m+fp/hard/libc.a(libc_a-lseekr.o)
                0x000076dc                _lseek_r
 .text._read_r  0x00007708       0x2c /Applications/ArmGNUToolchain/14.2.rel1/arm-none-eabi/bin/../lib/gcc/arm-none-eabi/14.2.1/../../../../arm-none-eabi/lib/thumb/v7e-m+fp/hard/libc.a(libc_a-readr.o)
                0x00007708                _read_r
 .text._sbrk_r  0x00007734       0x24 /Applications/ArmGNUToolchain/14.2.rel1/arm-none-eabi/bin/../lib/gcc/arm-none-eabi/14.2.1/../../../../arm-none-eabi/lib/thumb/v7e-m+fp/hard/libc.a(libc_a-sbrkr.o)
                0x00007734                _sbrk_r
 .text._write_r
                0x00007758       0x2c /Applications/ArmGNUToolchain/14.2.rel1/arm-none-eabi/bin/../lib/gcc/arm-none-eabi/14.2.1/../../../../arm-none-eabi/lib/thumb/v7e-m+fp/hard/libc.a(libc_a-writer.o)
                0x00007758                _write_r
 .text.sysconf  0x00007784       0x1c /Applications/ArmGNUToolchain/14.2.rel1/arm-none-eabi/bin/../lib/gcc/arm-none-eabi/14.2.1/../../../../arm-none-eabi/lib/thumb/v7e-m+fp/hard/libc.a(libc_a-sysconf.o)
                0x00007784                sysconf
 .text.__libc_fini_array
                0x000077a0       0x28 /Applications/ArmGNUToolchain/14.2.rel1/arm-none-eabi/bin/../lib/gcc/arm-none-eabi/14.2.1/../../../../arm-none-eabi/lib/thumb/v7e-m+fp/hard/libc.a(libc_a-fini.o)
                0x000077a0                __libc_fini_array
 *fill*         0x000077c8        0x8 
 .text          0x000077d0       0xa0 /Applications/ArmGNUToolchain/14.2.rel1/arm-none-eabi/bin/../lib/gcc/arm-none-eabi/14.2.1/../../../../arm-none-eabi/lib/thumb/v7e-m+fp/hard/libc.a(libc_a-memchr.o)
                0x000077d0                memchr
 .text._wcrtomb_r
                0x00007870       0x4c /Applications/ArmGNUToolchain/14.2.rel1/arm-none-eabi/bin/../lib/gcc/arm-none-eabi/14.2.1/../../../../arm-none-eabi/lib/thumb/v7e-m+fp/hard/libc.a(libc_a-wcrtomb.o)
                0x00007870                _wcrtomb_r
 .text._wcsrtombs_r
                0x000078bc       0x18 /Applications/ArmGNUToolchain/14.2.rel1/arm-none-eabi/bin/../lib/gcc/arm-none-eabi/14.2.1/../../../../arm-none-eabi/lib/thumb/v7e-m+fp/hard/libc.a(libc_a-wcsrtombs.o)
                0x000078bc                _wcsrtombs_r
 .text.__register_exitproc
                0x000078d4       0x80 /Applications/ArmGNUToolchain/14.2.rel1/arm-none-eabi/bin/../lib/gcc/arm-none-eabi/14.2.1/../../../../arm-none-eabi/lib/thumb/v7e-m+fp/hard/libc.a(libc_a-__atexit.o)
                0x000078d4                __register_exitproc
 .text.frexp    0x00007954       0x64 /Applications/ArmGNUToolchain/14.2.rel1/arm-none-eabi/bin/../lib/gcc/arm-none-eabi/14.2.1/../../../../arm-none-eabi/lib/thumb/v7e-m+fp/hard/libc.a(libm_a-s_frexp.o)
                0x00007954                frexp
 .text.quorem   0x000079b8      0x12c /Applications/ArmGNUToolchain/14.2.rel1/arm-none-eabi/bin/../lib/gcc/arm-none-eabi/14.2.1/../../../../arm-none-eabi/lib/thumb/v7e-m+fp/hard/libc.a(libc_a-dtoa.o)
 *fill*         0x00007ae4        0x4 
 .text._dtoa_r  0x00007ae8     0x1034 /Applications/ArmGNUToolchain/14.2.rel1/arm-none-eabi/bin/../lib/gcc/arm-none-eabi/14.2.1/../../../../arm-none-eabi/lib/thumb/v7e-m+fp/hard/libc.a(libc_a-dtoa.o)
                0x00007ae8                _dtoa_r
 .text.__ascii_mbtowc
                0x00008b1c       0x2c /Applications/ArmGNUToolchain/14.2.rel1/arm-none-eabi/bin/../lib/gcc/arm-none-eabi/14.2.1/../../../../arm-none-eabi/lib/thumb/v7e-m+fp/hard/libc.a(libc_a-mbtowc_r.o)
                0x00008b1c                __ascii_mbtowc
 .text.__sfvwrite_r
                0x00008b48      0x2e4 /Applications/ArmGNUToolchain/14.2.rel1/arm-none-eabi/bin/../lib/gcc/arm-none-eabi/14.2.1/../../../../arm-none-eabi/lib/thumb/v7e-m+fp/hard/libc.a(libc_a-fvwrite.o)
                0x00008b48                __sfvwrite_r
 .text._Balloc  0x00008e2c       0x4c /Applications/ArmGNUToolchain/14.2.rel1/arm-none-eabi/bin/../lib/gcc/arm-none-eabi/14.2.1/../../../../arm-none-eabi/lib/thumb/v7e-m+fp/hard/libc.a(libc_a-mprec.o)
                0x00008e2c                _Balloc
 .text._Bfree   0x00008e78       0x14 /Applications/ArmGNUToolchain/14.2.rel1/arm-none-eabi/bin/../lib/gcc/arm-none-eabi/14.2.1/../../../../arm-none-eabi/lib/thumb/v7e-m+fp/hard/libc.a(libc_a-mprec.o)
                0x00008e78                _Bfree
 .text.__multadd
                0x00008e8c       0xa0 /Applications/ArmGNUToolchain/14.2.rel1/arm-none-eabi/bin/../lib/gcc/arm-none-eabi/14.2.1/../../../../arm-none-eabi/lib/thumb/v7e-m+fp/hard/libc.a(libc_a-mprec.o)
                0x00008e8c                __multadd
 .text.__hi0bits
                0x00008f2c       0x54 /Applications/ArmGNUToolchain/14.2.rel1/arm-none-eabi/bin/../lib/gcc/arm-none-eabi/14.2.1/../../../../arm-none-eabi/lib/thumb/v7e-m+fp/hard/libc.a(libc_a-mprec.o)
                0x00008f2c                __hi0bits
 .text.__lo0bits
                0x00008f80       0x80 /Applications/ArmGNUToolchain/14.2.rel1/arm-none-eabi/bin/../lib/gcc/arm-none-eabi/14.2.1/../../../../arm-none-eabi/lib/thumb/v7e-m+fp/hard/libc.a(libc_a-mprec.o)
                0x00008f80                __lo0bits
 .text.__i2b    0x00009000       0x5c /Applications/ArmGNUToolchain/14.2.rel1/arm-none-eabi/bin/../lib/gcc/arm-none-eabi/14.2.1/../../../../arm-none-eabi/lib/thumb/v7e-m+fp/hard/libc.a(libc_a-mprec.o)
                0x00009000                __i2b
 .text.__multiply
                0x0000905c      0x16c /Applications/ArmGNUToolchain/14.2.rel1/arm-none-eabi/bin/../lib/gcc/arm-none-eabi/14.2.1/../../../../arm-none-eabi/lib/thumb/v7e-m+fp/hard/libc.a(libc_a-mprec.o)
                0x0000905c                __multiply
 .text.__pow5mult
                0x000091c8       0xc0 /Applications/ArmGNUToolchain/14.2.rel1/arm-none-eabi/bin/../lib/gcc/arm-none-eabi/14.2.1/../../../../arm-none-eabi/lib/thumb/v7e-m+fp/hard/libc.a(libc_a-mprec.o)
                0x000091c8                __pow5mult
 .text.__lshift
                0x00009288       0xe8 /Applications/ArmGNUToolchain/14.2.rel1/arm-none-eabi/bin/../lib/gcc/arm-none-eabi/14.2.1/../../../../arm-none-eabi/lib/thumb/v7e-m+fp/hard/libc.a(libc_a-mprec.o)
                0x00009288                __lshift
 .text.__mcmp   0x00009370       0x44 /Applications/ArmGNUToolchain/14.2.rel1/arm-none-eabi/bin/../lib/gcc/arm-none-eabi/14.2.1/../../../../arm-none-eabi/lib/thumb/v7e-m+fp/hard/libc.a(libc_a-mprec.o)
                0x00009370                __mcmp
 .text.__mdiff  0x000093b4      0x174 /Applications/ArmGNUToolchain/14.2.rel1/arm-none-eabi/bin/../lib/gcc/arm-none-eabi/14.2.1/../../../../arm-none-eabi/lib/thumb/v7e-m+fp/hard/libc.a(libc_a-mprec.o)
                0x000093b4                __mdiff
 .text.__d2b    0x00009528       0xbc /Applications/ArmGNUToolchain/14.2.rel1/arm-none-eabi/bin/../lib/gcc/arm-none-eabi/14.2.1/../../../../arm-none-eabi/lib/thumb/v7e-m+fp/hard/libc.a(libc_a-mprec.o)
                0x00009528                __d2b
 .text._realloc_r
                0x000095e4      0x348 /Applications/ArmGNUToolchain/14.2.rel1/arm-none-eabi/bin/../lib/gcc/arm-none-eabi/14.2.1/../../../../arm-none-eabi/lib/thumb/v7e-m+fp/hard/libc.a(libc_a-reallocr.o)
                0x000095e4                _realloc_r
 .text.__ascii_wctomb
                0x0000992c       0x1c /Applications/ArmGNUToolchain/14.2.rel1/arm-none-eabi/bin/../lib/gcc/arm-none-eabi/14.2.1/../../../../arm-none-eabi/lib/thumb/v7e-m+fp/hard/libc.a(libc_a-wctomb_r.o)
                0x0000992c                __ascii_wctomb
 .text.memmove  0x00009948       0xf8 /Applications/ArmGNUToolchain/14.2.rel1/arm-none-eabi/bin/../lib/gcc/arm-none-eabi/14.2.1/../../../../arm-none-eabi/lib/thumb/v7e-m+fp/hard/libc.a(libc_a-memmove.o)
                0x00009948                memmove
 .text.__errno  0x00009a40        0xc /Applications/ArmGNUToolchain/14.2.rel1/arm-none-eabi/bin/../lib/gcc/arm-none-eabi/14.2.1/../../../../arm-none-eabi/lib/thumb/v7e-m+fp/hard/libc.a(libc_a-errno.o)
                0x00009a40                __errno
 .text._wcsnrtombs_l
                0x00009a4c       0xf0 /Applications/ArmGNUToolchain/14.2.rel1/arm-none-eabi/bin/../lib/gcc/arm-none-eabi/14.2.1/../../../../arm-none-eabi/lib/thumb/v7e-m+fp/hard/libc.a(libc_a-wcsnrtombs.o)
                0x00009a4c                _wcsnrtombs_l
 .text._wcsnrtombs_r
                0x00009b3c       0x24 /Applications/ArmGNUToolchain/14.2.rel1/arm-none-eabi/bin/../lib/gcc/arm-none-eabi/14.2.1/../../../../arm-none-eabi/lib/thumb/v7e-m+fp/hard/libc.a(libc_a-wcsnrtombs.o)
                0x00009b3c                _wcsnrtombs_r
 .text.__assert_func
                0x00009b60       0x40 /Applications/ArmGNUToolchain/14.2.rel1/arm-none-eabi/bin/../lib/gcc/arm-none-eabi/14.2.1/../../../../arm-none-eabi/lib/thumb/v7e-m+fp/hard/libc.a(libc_a-assert.o)
                0x00009b60                __assert_func
 .text._calloc_r
                0x00009ba0       0x6c /Applications/ArmGNUToolchain/14.2.rel1/arm-none-eabi/bin/../lib/gcc/arm-none-eabi/14.2.1/../../../../arm-none-eabi/lib/thumb/v7e-m+fp/hard/libc.a(libc_a-callocr.o)
                0x00009ba0                _calloc_r
 .text.fiprintf
                0x00009c0c       0x28 /Applications/ArmGNUToolchain/14.2.rel1/arm-none-eabi/bin/../lib/gcc/arm-none-eabi/14.2.1/../../../../arm-none-eabi/lib/thumb/v7e-m+fp/hard/libc.a(libc_a-fiprintf.o)
                0x00009c0c                fiprintf
 .text._vfiprintf_r
                0x00009c34     0x1288 /Applications/ArmGNUToolchain/14.2.rel1/arm-none-eabi/bin/../lib/gcc/arm-none-eabi/14.2.1/../../../../arm-none-eabi/lib/thumb/v7e-m+fp/hard/libc.a(libc_a-vfiprintf.o)
                0x00009c34                _vfiprintf_r
 .text.__sbprintf
                0x0000aebc       0x84 /Applications/ArmGNUToolchain/14.2.rel1/arm-none-eabi/bin/../lib/gcc/arm-none-eabi/14.2.1/../../../../arm-none-eabi/lib/thumb/v7e-m+fp/hard/libc.a(libc_a-vfiprintf.o)
 .text.abort    0x0000af40       0x10 /Applications/ArmGNUToolchain/14.2.rel1/arm-none-eabi/bin/../lib/gcc/arm-none-eabi/14.2.1/../../../../arm-none-eabi/lib/thumb/v7e-m+fp/hard/libc.a(libc_a-abort.o)
                0x0000af40                abort
 .text.raise    0x0000af50       0x58 /Applications/ArmGNUToolchain/14.2.rel1/arm-none-eabi/bin/../lib/gcc/arm-none-eabi/14.2.1/../../../../arm-none-eabi/lib/thumb/v7e-m+fp/hard/libc.a(libc_a-signal.o)
                0x0000af50                raise
 .text._kill_r  0x0000afa8       0x2c /Applications/ArmGNUToolchain/14.2.rel1/arm-none-eabi/bin/../lib/gcc/arm-none-eabi/14.2.1/../../../../arm-none-eabi/lib/thumb/v7e-m+fp/hard/libc.a(libc_a-signalr.o)
                0x0000afa8                _kill_r
 .text._getpid_r
                0x0000afd4        0x4 /Applications/ArmGNUToolchain/14.2.rel1/arm-none-eabi/bin/../lib/gcc/arm-none-eabi/14.2.1/../../../../arm-none-eabi/lib/thumb/v7e-m+fp/hard/libc.a(libc_a-signalr.o)
                0x0000afd4                _getpid_r
 .text._sbrk    0x0000afd8       0x1c /Applications/ArmGNUToolchain/14.2.rel1/arm-none-eabi/bin/../lib/gcc/arm-none-eabi/14.2.1/../../../../arm-none-eabi/lib/thumb/v7e-m+fp/hard/libnosys.a(sbrk.o)
                0x0000afd8                _sbrk
 .text._exit    0x0000aff4        0x4 /Applications/ArmGNUToolchain/14.2.rel1/arm-none-eabi/bin/../lib/gcc/arm-none-eabi/14.2.1/../../../../arm-none-eabi/lib/thumb/v7e-m+fp/hard/libnosys.a(_exit.o)
                0x0000aff4                _exit
 .text          0x0000aff8      0x378 /Applications/ArmGNUToolchain/14.2.rel1/arm-none-eabi/bin/../lib/gcc/arm-none-eabi/14.2.1/thumb/v7e-m+fp/hard/libgcc.a(_arm_addsubdf3.o)
                0x0000aff8                __aeabi_drsub
                0x0000b000                __subdf3
                0x0000b000                __aeabi_dsub
                0x0000b004                __aeabi_dadd
                0x0000b004                __adddf3
                0x0000b27c                __aeabi_ui2d
                0x0000b27c                __floatunsidf
                0x0000b29c                __floatsidf
                0x0000b29c                __aeabi_i2d
                0x0000b2c0                __extendsfdf2
                0x0000b2c0                __aeabi_f2d
                0x0000b304                __aeabi_ul2d
                0x0000b304                __floatundidf
                0x0000b314                __aeabi_l2d
                0x0000b314                __floatdidf
 .text          0x0000b370      0x424 /Applications/ArmGNUToolchain/14.2.rel1/arm-none-eabi/bin/../lib/gcc/arm-none-eabi/14.2.1/thumb/v7e-m+fp/hard/libgcc.a(_arm_muldivdf3.o)
                0x0000b370                __aeabi_dmul
                0x0000b370                __muldf3
                0x0000b5c4                __aeabi_ddiv
                0x0000b5c4                __divdf3
 .text          0x0000b794      0x110 /Applications/ArmGNUToolchain/14.2.rel1/arm-none-eabi/bin/../lib/gcc/arm-none-eabi/14.2.1/thumb/v7e-m+fp/hard/libgcc.a(_arm_cmpdf2.o)
                0x0000b794                __gedf2
                0x0000b794                __gtdf2
                0x0000b79c                __ledf2
                0x0000b79c                __ltdf2
                0x0000b7a4                __cmpdf2
                0x0000b7a4                __eqdf2
                0x0000b7a4                __nedf2
                0x0000b820                __aeabi_cdrcmple
                0x0000b830                __aeabi_cdcmple
                0x0000b830                __aeabi_cdcmpeq
                0x0000b840                __aeabi_dcmpeq
                0x0000b854                __aeabi_dcmplt
                0x0000b868                __aeabi_dcmple
                0x0000b87c                __aeabi_dcmpge
                0x0000b890                __aeabi_dcmpgt
 .text          0x0000b8a4       0x2c /Applications/ArmGNUToolchain/14.2.rel1/arm-none-eabi/bin/../lib/gcc/arm-none-eabi/14.2.1/thumb/v7e-m+fp/hard/libgcc.a(_arm_unorddf2.o)
                0x0000b8a4                __aeabi_dcmpun
                0x0000b8a4                __unorddf2
 .text          0x0000b8d0       0x50 /Applications/ArmGNUToolchain/14.2.rel1/arm-none-eabi/bin/../lib/gcc/arm-none-eabi/14.2.1/thumb/v7e-m+fp/hard/libgcc.a(_arm_fixdfsi.o)
                0x0000b8d0                __fixdfsi
                0x0000b8d0                __aeabi_d2iz
 *(.init)
 .init          0x0000b920        0x4 /Applications/ArmGNUToolchain/14.2.rel1/arm-none-eabi/bin/../lib/gcc/arm-none-eabi/14.2.1/thumb/v7e-m+fp/hard/crti.o
                0x0000b920                _init
 .init          0x0000b924        0x8 /Applications/ArmGNUToolchain/14.2.rel1/arm-none-eabi/bin/../lib/gcc/arm-none-eabi/14.2.1/thumb/v7e-m+fp/hard/crtn.o
 *(.fini)
 .fini          0x0000b92c        0x4 /Applications/ArmGNUToolchain/14.2.rel1/arm-none-eabi/bin/../lib/gcc/arm-none-eabi/14.2.1/thumb/v7e-m+fp/hard/crti.o
                0x0000b92c                _fini
 .fini          0x0000b930        0x8 /Applications/ArmGNUToolchain/14.2.rel1/arm-none-eabi/bin/../lib/gcc/arm-none-eabi/14.2.1/thumb/v7e-m+fp/hard/crtn.o
 *crtbegin.o(.ctors)
 *crtbegin?.o(.ctors)
 *(EXCLUDE_FILE(*crtend.o *crtend?.o) .ctors)
 *(SORT_BY_NAME(.ctors.*))
 *(.ctors)
 *crtbegin.o(.dtors)
 *crtbegin?.o(.dtors)
 *(EXCLUDE_FILE(*crtend.o *crtend?.o) .dtors)
 *(SORT_BY_NAME(.dtors.*))
 *(.dtors)
 *(.rodata*)
 .rodata.i2c_init_bus.str1.1
                0x0000b938     0x10da _build/i2c_simple.o
                                 0x23 (size before relaxing)
 *fill*         0x0000ca12        0x2 
 .rodata.m_twi  0x0000ca14       0x10 _build/i2c_simple.o
 .rodata.main.str1.1
                0x0000ca24       0xcc _build/main.o
 *fill*         0x0000ca24        0xc 
 .rodata.delay_machine_code.0
                0x0000ca30        0x6 _build/main.o
 .rodata.nrf_gpio_pin_port_decode.str1.1
                0x0000ca36       0x43 _build/better_error_handling.o
 .rodata.app_error_fault_handler.str1.1
                0x0000ca36       0x78 _build/better_error_handling.o
 .rodata.HardFault_c_handler.str1.1
                0x0000ca36      0x12e _build/better_error_handling.o
 .rodata.str1.1
                0x0000ca36      0x4b6 _build/better_error_handling.o
 *fill*         0x0000ca36        0x2 
 .rodata.cfsr_msgs.0
                0x0000ca38       0x68 _build/better_error_handling.o
 .rodata.delay_machine_code.1
                0x0000caa0        0x6 _build/better_error_handling.o
 .rodata.LED_COLS
                0x0000caa6        0x5 _build/better_error_handling.o
 .rodata.LED_ROWS
                0x0000caab        0x5 _build/better_error_handling.o
 .rodata.called_first.str1.1
                0x0000cab0       0x5c _build/microbit_before_startup.o
 .rodata.delay_machine_code.0
                0x0000cab0        0x6 _build/microbit_before_startup.o
 .rodata.uart_init.constprop.0.str1.1
                0x0000cab6       0x62 _build/microbit_nrf_log_backend_uart.o
 *fill*         0x0000cab6        0x2 
 .rodata.nrf_log_backend_uart_api
                0x0000cab8        0xc _build/microbit_nrf_log_backend_uart.o
                0x0000cab8                nrf_log_backend_uart_api
 .rodata        0x0000cac4       0x20 _build/microbit_nrf_log_backend_uart.o
 *fill*         0x0000cae4        0xc 
 .rodata.delay_machine_code.0
                0x0000caf0        0x6 _build/app_timer.o
 .rodata.app_util_critical_region_enter.str1.1
                0x0000caf6       0x55 _build/app_util_platform.o
 .rodata.nrf_balloc_init.str1.1
                0x0000caf6       0x50 _build/nrf_balloc.o
 .rodata.str1.1
                0x0000caf6        0x6 _build/nrf_drv_clock.o
 .rodata.nrf_gpio_pin_port_decode.str1.1
                0x0000caf6       0x43 _build/nrf_drv_twi.o
 *fill*         0x0000caf6        0xa 
 .rodata.delay_machine_code.0
                0x0000cb00        0x6 _build/nrf_drv_twi.o
 .rodata.nrf_fprintf_buffer_flush.str1.1
                0x0000cb06       0x46 _build/nrf_fprintf.o
 .rodata.nrf_fprintf_fmt.str1.1
                0x0000cb06       0x4d _build/nrf_fprintf_format.o
 .rodata._aV2C.0
                0x0000cb06       0x10 _build/nrf_fprintf_format.o
 .rodata.nrf_log_default_backends_init.str1.1
                0x0000cb16       0x5f _build/nrf_log_default_backends.o
 .rodata.str1.1
                0x0000cb16       0x11 _build/nrf_log_default_backends.o
 .rodata.buf_prealloc.isra.0.str1.1
                0x0000cb16       0x57 _build/nrf_log_frontend.o
 .rodata.nrf_log_frontend_dequeue.str1.1
                0x0000cb16       0x11 _build/nrf_log_frontend.o
 .rodata.str1.1
                0x0000cb16        0x4 _build/nrf_log_frontend.o
 *fill*         0x0000cb16        0x2 
 .rodata.m_log_push_ringbuf
                0x0000cb18        0xc _build/nrf_log_frontend.o
 .rodata.postfix_process.str1.1
                0x0000cb24        0xb _build/nrf_log_str_formatter.o
 .rodata.prefix_process.constprop.0.str1.1
                0x0000cb24       0x2a _build/nrf_log_str_formatter.o
 .rodata.nrf_log_hexdump_entry_process.str1.1
                0x0000cb24       0x11 _build/nrf_log_str_formatter.o
 .rodata.str1.1
                0x0000cb24       0x51 _build/nrf_log_str_formatter.o
 .rodata.m_colors
                0x0000cb24       0x24 _build/nrf_log_str_formatter.o
 .rodata.severity_names
                0x0000cb48       0x14 _build/nrf_log_str_formatter.o
 .rodata.memobj_op.str1.1
                0x0000cb5c       0x50 _build/nrf_memobj.o
 .rodata.str1.1
                0x0000cb5c        0x9 _build/nrf_pwr_mgmt.o
 .rodata.str1.1
                0x0000cb5c      0x391 _build/nrf_strerror.o
 .rodata.nrf_strerror_array
                0x0000cb5c      0x118 _build/nrf_strerror.o
 .rodata.m_unknown_str
                0x0000cc74       0x13 _build/nrf_strerror.o
 .rodata.str1.1
                0x0000cc87        0x6 _build/nrfx_clock.o
 .rodata.nrf_gpio_pin_port_decode.str1.1
                0x0000cc87       0x43 _build/nrfx_gpiote.o
 .rodata.str1.1
                0x0000cc87        0x7 _build/nrfx_gpiote.o
 .rodata.str1.1
                0x0000cc87        0x4 _build/nrfx_ppi.o
 .rodata.UARTE0_UART0_IRQHandler.str1.1
                0x0000cc87       0x4f _build/nrfx_prs.o
 .rodata.str1.1
                0x0000cc87        0x4 _build/nrfx_prs.o
 .rodata.str1.1
                0x0000cc87        0x4 _build/nrfx_pwm.o
 .rodata.str1.1
                0x0000cc87        0x6 _build/nrfx_saadc.o
 .rodata.nrf_gpio_pin_port_decode.str1.1
                0x0000cc87       0x43 _build/nrfx_spim.o
 .rodata.SPIM2_SPIS2_SPI2_IRQHandler.str1.1
                0x0000cc87       0x4c _build/nrfx_spim.o
 .rodata.str1.1
                0x0000cc87        0x5 _build/nrfx_spim.o
 .rodata.str1.1
                0x0000cc87        0x6 _build/nrfx_timer.o
 .rodata.nrf_gpio_pin_port_decode.str1.1
                0x0000cc87       0x43 _build/nrfx_twim.o
 .rodata.twim_irq_handler.str1.1
                0x0000cc87       0x4c _build/nrfx_twim.o
 .rodata.nrfx_twim_init.str1.1
                0x0000cc87       0x44 _build/nrfx_twim.o
 *fill*         0x0000cc87        0x1 
 .rodata.irq_handlers.0
                0x0000cc88        0x8 _build/nrfx_twim.o
 .rodata.str1.1
                0x0000cc90        0x5 _build/nrfx_twim.o
 .rodata.nrf_gpio_pin_port_decode.str1.1
                0x0000cc90       0x43 _build/nrfx_uart.o
 .rodata.nrfx_uart_init.str1.1
                0x0000cc90       0x90 _build/nrfx_uart.o
 .rodata.str1.1
                0x0000cc90        0x5 _build/nrfx_uart.o
 .rodata.nrf_gpio_pin_port_decode.str1.1
                0x0000cc90       0x43 _build/nrfx_uarte.o
 .rodata.nrfx_uarte_init.str1.1
                0x0000cc90       0x91 _build/nrfx_uarte.o
 .rodata.irq_handlers.0
                0x0000cc90        0x8 _build/nrfx_uarte.o
 .rodata.str1.1
                0x0000cc98        0x6 _build/nrfx_uarte.o
 .rodata._ctype_
                0x0000cc98      0x101 /Applications/ArmGNUToolchain/14.2.rel1/arm-none-eabi/bin/../lib/gcc/arm-none-eabi/14.2.1/../../../../arm-none-eabi/lib/thumb/v7e-m+fp/hard/libc.a(libc_a-ctype_.o)
                0x0000cc98                _ctype_
 *fill*         0x0000cd99        0x3 
 .rodata._vfprintf_r.str1.4
                0x0000cd9c      0x1b7 /Applications/ArmGNUToolchain/14.2.rel1/arm-none-eabi/bin/../lib/gcc/arm-none-eabi/14.2.1/../../../../arm-none-eabi/lib/thumb/v7e-m+fp/hard/libc.a(libc_a-vfprintf.o)
                                 0x42 (size before relaxing)
 *fill*         0x0000cf53        0x1 
 .rodata.zeroes.0
                0x0000cf54       0x10 /Applications/ArmGNUToolchain/14.2.rel1/arm-none-eabi/bin/../lib/gcc/arm-none-eabi/14.2.1/../../../../arm-none-eabi/lib/thumb/v7e-m+fp/hard/libc.a(libc_a-vfprintf.o)
 .rodata.blanks.1
                0x0000cf64       0x10 /Applications/ArmGNUToolchain/14.2.rel1/arm-none-eabi/bin/../lib/gcc/arm-none-eabi/14.2.1/../../../../arm-none-eabi/lib/thumb/v7e-m+fp/hard/libc.a(libc_a-vfprintf.o)
 .rodata.str1.4
                0x0000cf74       0x4c /Applications/ArmGNUToolchain/14.2.rel1/arm-none-eabi/bin/../lib/gcc/arm-none-eabi/14.2.1/../../../../arm-none-eabi/lib/thumb/v7e-m+fp/hard/libc.a(libc_a-locale.o)
 .rodata._dtoa_r.str1.4
                0x0000cf74       0x89 /Applications/ArmGNUToolchain/14.2.rel1/arm-none-eabi/bin/../lib/gcc/arm-none-eabi/14.2.1/../../../../arm-none-eabi/lib/thumb/v7e-m+fp/hard/libc.a(libc_a-dtoa.o)
 .rodata.__multadd.str1.4
                0x0000cf74       0x76 /Applications/ArmGNUToolchain/14.2.rel1/arm-none-eabi/bin/../lib/gcc/arm-none-eabi/14.2.1/../../../../arm-none-eabi/lib/thumb/v7e-m+fp/hard/libc.a(libc_a-mprec.o)
 .rodata.p05.0  0x0000cf74        0xc /Applications/ArmGNUToolchain/14.2.rel1/arm-none-eabi/bin/../lib/gcc/arm-none-eabi/14.2.1/../../../../arm-none-eabi/lib/thumb/v7e-m+fp/hard/libc.a(libc_a-mprec.o)
 .rodata.__mprec_bigtens
                0x0000cf80       0x28 /Applications/ArmGNUToolchain/14.2.rel1/arm-none-eabi/bin/../lib/gcc/arm-none-eabi/14.2.1/../../../../arm-none-eabi/lib/thumb/v7e-m+fp/hard/libc.a(libc_a-mprec.o)
                0x0000cf80                __mprec_bigtens
 .rodata.__mprec_tens
                0x0000cfa8       0xc8 /Applications/ArmGNUToolchain/14.2.rel1/arm-none-eabi/bin/../lib/gcc/arm-none-eabi/14.2.1/../../../../arm-none-eabi/lib/thumb/v7e-m+fp/hard/libc.a(libc_a-mprec.o)
                0x0000cfa8                __mprec_tens
 .rodata.__assert_func.str1.4
                0x0000d070       0x43 /Applications/ArmGNUToolchain/14.2.rel1/arm-none-eabi/bin/../lib/gcc/arm-none-eabi/14.2.1/../../../../arm-none-eabi/lib/thumb/v7e-m+fp/hard/libc.a(libc_a-assert.o)
 .rodata._vfiprintf_r.str1.4
                0x0000d070       0x2f /Applications/ArmGNUToolchain/14.2.rel1/arm-none-eabi/bin/../lib/gcc/arm-none-eabi/14.2.1/../../../../arm-none-eabi/lib/thumb/v7e-m+fp/hard/libc.a(libc_a-vfiprintf.o)
 .rodata.zeroes.0
                0x0000d070       0x10 /Applications/ArmGNUToolchain/14.2.rel1/arm-none-eabi/bin/../lib/gcc/arm-none-eabi/14.2.1/../../../../arm-none-eabi/lib/thumb/v7e-m+fp/hard/libc.a(libc_a-vfiprintf.o)
 .rodata.blanks.1
                0x0000d080       0x10 /Applications/ArmGNUToolchain/14.2.rel1/arm-none-eabi/bin/../lib/gcc/arm-none-eabi/14.2.1/../../../../arm-none-eabi/lib/thumb/v7e-m+fp/hard/libc.a(libc_a-vfiprintf.o)
 *(.eh_frame*)
 .eh_frame      0x0000d090        0x0 /Applications/ArmGNUToolchain/14.2.rel1/arm-none-eabi/bin/../lib/gcc/arm-none-eabi/14.2.1/thumb/v7e-m+fp/hard/crtbegin.o
 .eh_frame      0x0000d090        0x4 /Applications/ArmGNUToolchain/14.2.rel1/arm-none-eabi/bin/../lib/gcc/arm-none-eabi/14.2.1/thumb/v7e-m+fp/hard/crtend.o

.glue_7         0x0000d094        0x0
 .glue_7        0x0000d094        0x0 linker stubs

.glue_7t        0x0000d094        0x0
 .glue_7t       0x0000d094        0x0 linker stubs

.vfp11_veneer   0x0000d094        0x0
 .vfp11_veneer  0x0000d094        0x0 linker stubs

.v4_bx          0x0000d094        0x0
 .v4_bx         0x0000d094        0x0 linker stubs

.iplt           0x0000d094        0x0
 .iplt          0x0000d094        0x0 /Applications/ArmGNUToolchain/14.2.rel1/arm-none-eabi/bin/../lib/gcc/arm-none-eabi/14.2.1/thumb/v7e-m+fp/hard/crtbegin.o

.pwr_mgmt_data  0x0000d094        0x0
                0x0000d094                        PROVIDE (__start_pwr_mgmt_data = .)
 *(SORT_BY_NAME(.pwr_mgmt_data*))
                0x0000d094                        PROVIDE (__stop_pwr_mgmt_data = .)

.log_const_data
                0x0000d094       0x70
                0x0000d094                        PROVIDE (__start_log_const_data = .)
 *(SORT_BY_NAME(.log_const_data*))
 .log_const_data_CLOCK
                0x0000d094        0x8 _build/nrfx_clock.o
                0x0000d094                m_nrf_log_CLOCK_logs_data_const
 .log_const_data_GPIOTE
                0x0000d09c        0x8 _build/nrfx_gpiote.o
                0x0000d09c                m_nrf_log_GPIOTE_logs_data_const
 .log_const_data_PPI
                0x0000d0a4        0x8 _build/nrfx_ppi.o
                0x0000d0a4                m_nrf_log_PPI_logs_data_const
 .log_const_data_PRS
                0x0000d0ac        0x8 _build/nrfx_prs.o
                0x0000d0ac                m_nrf_log_PRS_logs_data_const
 .log_const_data_PWM
                0x0000d0b4        0x8 _build/nrfx_pwm.o
                0x0000d0b4                m_nrf_log_PWM_logs_data_const
 .log_const_data_SAADC
                0x0000d0bc        0x8 _build/nrfx_saadc.o
                0x0000d0bc                m_nrf_log_SAADC_logs_data_const
 .log_const_data_SPIM
                0x0000d0c4        0x8 _build/nrfx_spim.o
                0x0000d0c4                m_nrf_log_SPIM_logs_data_const
 .log_const_data_TIMER
                0x0000d0cc        0x8 _build/nrfx_timer.o
                0x0000d0cc                m_nrf_log_TIMER_logs_data_const
 .log_const_data_TWIM
                0x0000d0d4        0x8 _build/nrfx_twim.o
                0x0000d0d4                m_nrf_log_TWIM_logs_data_const
 .log_const_data_UART
                0x0000d0dc        0x8 _build/nrfx_uart.o
                0x0000d0dc                m_nrf_log_UART_logs_data_const
 .log_const_data_UARTE
                0x0000d0e4        0x8 _build/nrfx_uarte.o
                0x0000d0e4                m_nrf_log_UARTE_logs_data_const
 .log_const_data_app
                0x0000d0ec        0x8 _build/nrf_log_frontend.o
                0x0000d0ec                m_nrf_log_app_logs_data_const
 .log_const_data_clock
                0x0000d0f4        0x8 _build/nrf_drv_clock.o
                0x0000d0f4                m_nrf_log_clock_logs_data_const
 .log_const_data_pwr_mgmt
                0x0000d0fc        0x8 _build/nrf_pwr_mgmt.o
                0x0000d0fc                m_nrf_log_pwr_mgmt_logs_data_const
                0x0000d104                        PROVIDE (__stop_log_const_data = .)

.nrf_balloc     0x0000d104       0x14
                [!provide]                        PROVIDE (__start_nrf_balloc = .)
 *(.nrf_balloc)
 .nrf_balloc    0x0000d104       0x14 _build/nrf_log_frontend.o
                0x0000d104                log_mempool
                [!provide]                        PROVIDE (__stop_nrf_balloc = .)

.log_backends   0x0000d118       0x10
 .log_backends  0x0000d118       0x10 _build/nrf_log_default_backends.o

.nrf_queue      0x0000d128        0x0
                [!provide]                        PROVIDE (__start_nrf_queue = .)
 *(.nrf_queue)
                [!provide]                        PROVIDE (__stop_nrf_queue = .)

.cli_command    0x0000d128        0x0
                [!provide]                        PROVIDE (__start_cli_command = .)
 *(.cli_command)
                [!provide]                        PROVIDE (__stop_cli_command = .)

.sdh_stack_observers
                0x0000d128        0x0
                [!provide]                        PROVIDE (__start_sdh_stack_observers = .)
 *(SORT_BY_NAME(.sdh_stack_observers*))
                [!provide]                        PROVIDE (__stop_sdh_stack_observers = .)

.sdh_req_observers
                0x0000d128        0x0
                [!provide]                        PROVIDE (__start_sdh_req_observers = .)
 *(SORT_BY_NAME(.sdh_req_observers*))
                [!provide]                        PROVIDE (__stop_sdh_req_observers = .)

.sdh_state_observers
                0x0000d128        0x0
                [!provide]                        PROVIDE (__start_sdh_state_observers = .)
 *(SORT_BY_NAME(.sdh_state_observers*))
                [!provide]                        PROVIDE (__stop_sdh_state_observers = .)

.sdh_ant_observers
                0x0000d128        0x0
                [!provide]                        PROVIDE (__start_sdh_ant_observers = .)
 *(SORT_BY_NAME(.sdh_ant_observers*))
                [!provide]                        PROVIDE (__stop_sdh_ant_observers = .)

.sdh_ble_observers
                0x0000d128        0x0
                [!provide]                        PROVIDE (__start_sdh_ble_observers = .)
 *(SORT_BY_NAME(.sdh_ble_observers*))
                [!provide]                        PROVIDE (__stop_sdh_ble_observers = .)

.sdh_soc_observers
                0x0000d128        0x0
                [!provide]                        PROVIDE (__start_sdh_soc_observers = .)
 *(SORT_BY_NAME(.sdh_soc_observers*))
                [!provide]                        PROVIDE (__stop_sdh_soc_observers = .)

.crypto_data    0x0000d128        0x0
                [!provide]                        PROVIDE (__start_crypto_data = .)
 *(SORT_BY_NAME(.crypto_data*))
                [!provide]                        PROVIDE (__stop_crypto_data = .)

.ARM.extab
 *(.ARM.extab* .gnu.linkonce.armextab.*)
                0x0000d128                        __exidx_start = .

.ARM.exidx      0x0000d128        0x8
 *(.ARM.exidx* .gnu.linkonce.armexidx.*)
 .ARM.exidx     0x0000d128        0x8 /Applications/ArmGNUToolchain/14.2.rel1/arm-none-eabi/bin/../lib/gcc/arm-none-eabi/14.2.1/../../../../arm-none-eabi/lib/thumb/v7e-m+fp/hard/crt0.o
                                 0x10 (size before relaxing)
 .ARM.exidx     0x0000d130        0x0 /Applications/ArmGNUToolchain/14.2.rel1/arm-none-eabi/bin/../lib/gcc/arm-none-eabi/14.2.1/../../../../arm-none-eabi/lib/thumb/v7e-m+fp/hard/libc.a(libc_a-memcpy.o)
                                  0x8 (size before relaxing)
 .ARM.exidx     0x0000d130        0x0 /Applications/ArmGNUToolchain/14.2.rel1/arm-none-eabi/bin/../lib/gcc/arm-none-eabi/14.2.1/../../../../arm-none-eabi/lib/thumb/v7e-m+fp/hard/libc.a(libc_a-strlen.o)
                                  0x8 (size before relaxing)
 .ARM.exidx     0x0000d130        0x0 /Applications/ArmGNUToolchain/14.2.rel1/arm-none-eabi/bin/../lib/gcc/arm-none-eabi/14.2.1/../../../../arm-none-eabi/lib/thumb/v7e-m+fp/hard/libc.a(libc_a-memchr.o)
                                  0x8 (size before relaxing)
                0x0000d130                        __exidx_end = .
                0x0000d130                        __etext = .

.rel.dyn        0x0000d130        0x0
 .rel.iplt      0x0000d130        0x0 /Applications/ArmGNUToolchain/14.2.rel1/arm-none-eabi/bin/../lib/gcc/arm-none-eabi/14.2.1/thumb/v7e-m+fp/hard/crtbegin.o

.data           0x20000000      0x704 load address 0x0000d130
                0x20000000                        __data_start__ = .
 *(vtable)
 *(.data*)
 .data.m_uart   0x20000000       0x14 _build/microbit_nrf_log_backend_uart.o
                0x20000000                m_uart
 .data.log_backend_cb_uart_log_backend
                0x20000014        0x8 _build/nrf_log_default_backends.o
 .data.SystemCoreClock
                0x2000001c        0x4 _build/system_nrf52833.o
                0x2000001c                SystemCoreClock
 .data.__sglue  0x20000020        0xc /Applications/ArmGNUToolchain/14.2.rel1/arm-none-eabi/bin/../lib/gcc/arm-none-eabi/14.2.1/../../../../arm-none-eabi/lib/thumb/v7e-m+fp/hard/libc.a(libc_a-findfp.o)
                0x20000020                __sglue
 .data._impure_ptr
                0x2000002c        0x4 /Applications/ArmGNUToolchain/14.2.rel1/arm-none-eabi/bin/../lib/gcc/arm-none-eabi/14.2.1/../../../../arm-none-eabi/lib/thumb/v7e-m+fp/hard/libc.a(libc_a-impure.o)
                0x2000002c                _impure_ptr
 .data._impure_data
                0x20000030      0x140 /Applications/ArmGNUToolchain/14.2.rel1/arm-none-eabi/bin/../lib/gcc/arm-none-eabi/14.2.1/../../../../arm-none-eabi/lib/thumb/v7e-m+fp/hard/libc.a(libc_a-impure.o)
                0x20000030                _impure_data
 .data.__atexit_recursive_mutex
                0x20000170        0x4 /Applications/ArmGNUToolchain/14.2.rel1/arm-none-eabi/bin/../lib/gcc/arm-none-eabi/14.2.1/../../../../arm-none-eabi/lib/thumb/v7e-m+fp/hard/libc.a(libc_a-__call_atexit.o)
                0x20000170                __atexit_recursive_mutex
 .data.__malloc_sbrk_base
                0x20000174        0x4 /Applications/ArmGNUToolchain/14.2.rel1/arm-none-eabi/bin/../lib/gcc/arm-none-eabi/14.2.1/../../../../arm-none-eabi/lib/thumb/v7e-m+fp/hard/libc.a(libc_a-mallocr.o)
                0x20000174                __malloc_sbrk_base
 .data.__malloc_trim_threshold
                0x20000178        0x4 /Applications/ArmGNUToolchain/14.2.rel1/arm-none-eabi/bin/../lib/gcc/arm-none-eabi/14.2.1/../../../../arm-none-eabi/lib/thumb/v7e-m+fp/hard/libc.a(libc_a-mallocr.o)
                0x20000178                __malloc_trim_threshold
 *fill*         0x2000017c        0x4 
 .data.__malloc_av_
                0x20000180      0x408 /Applications/ArmGNUToolchain/14.2.rel1/arm-none-eabi/bin/../lib/gcc/arm-none-eabi/14.2.1/../../../../arm-none-eabi/lib/thumb/v7e-m+fp/hard/libc.a(libc_a-mallocr.o)
                0x20000180                __malloc_av_
 .data.__global_locale
                0x20000588      0x16c /Applications/ArmGNUToolchain/14.2.rel1/arm-none-eabi/bin/../lib/gcc/arm-none-eabi/14.2.1/../../../../arm-none-eabi/lib/thumb/v7e-m+fp/hard/libc.a(libc_a-locale.o)
                0x20000588                __global_locale
                0x200006f4                        . = ALIGN (0x4)
                0x200006f4                        PROVIDE (__preinit_array_start = .)
 *(.preinit_array)
                0x200006f4                        PROVIDE (__preinit_array_end = .)
                0x200006f4                        . = ALIGN (0x4)
                0x200006f4                        PROVIDE (__init_array_start = .)
 *(SORT_BY_NAME(.init_array.*))
 .init_array.00000
                0x200006f4        0x4 /Applications/ArmGNUToolchain/14.2.rel1/arm-none-eabi/bin/../lib/gcc/arm-none-eabi/14.2.1/../../../../arm-none-eabi/lib/thumb/v7e-m+fp/hard/libc.a(libc_a-__call_atexit.o)
 *(.init_array)
 .init_array    0x200006f8        0x4 /Applications/ArmGNUToolchain/14.2.rel1/arm-none-eabi/bin/../lib/gcc/arm-none-eabi/14.2.1/thumb/v7e-m+fp/hard/crtbegin.o
 .init_array    0x200006fc        0x4 _build/microbit_before_startup.o
                0x20000700                        PROVIDE (__init_array_end = .)
                0x20000700                        . = ALIGN (0x4)
                0x20000700                        PROVIDE (__fini_array_start = .)
 *(SORT_BY_NAME(.fini_array.*))
 *(.fini_array)
 .fini_array    0x20000700        0x4 /Applications/ArmGNUToolchain/14.2.rel1/arm-none-eabi/bin/../lib/gcc/arm-none-eabi/14.2.1/thumb/v7e-m+fp/hard/crtbegin.o
                0x20000704                        PROVIDE (__fini_array_end = .)
 *(.jcr*)
                0x20000704                        . = ALIGN (0x4)
                0x20000704                        __data_end__ = .
LOAD /Applications/ArmGNUToolchain/14.2.rel1/arm-none-eabi/bin/../lib/gcc/arm-none-eabi/14.2.1/thumb/v7e-m+fp/hard/crti.o
LOAD /Applications/ArmGNUToolchain/14.2.rel1/arm-none-eabi/bin/../lib/gcc/arm-none-eabi/14.2.1/thumb/v7e-m+fp/hard/crtbegin.o
LOAD /Applications/ArmGNUToolchain/14.2.rel1/arm-none-eabi/bin/../lib/gcc/arm-none-eabi/14.2.1/../../../../arm-none-eabi/lib/thumb/v7e-m+fp/hard/crt0.o
START GROUP
LOAD _build/i2c_simple.o
LOAD _build/main.o
LOAD _build/oled_64x48.o
LOAD _build/vl53l0x_min.o
LOAD _build/better_error_handling.o
LOAD _build/clib_stubs.o
LOAD _build/microbit_before_startup.o
LOAD _build/microbit_nrf_log_backend_uart.o
LOAD _build/microbit_retarget.o
LOAD _build/app_error_handler_gcc.o
LOAD _build/app_fifo.o
LOAD _build/app_scheduler.o
LOAD _build/app_timer.o
LOAD _build/app_uart_fifo.o
LOAD _build/app_util_platform.o
LOAD _build/hardfault_handler_gcc.o
LOAD _build/nrf_assert.o
LOAD _build/nrf_atomic.o
LOAD _build/nrf_balloc.o
LOAD _build/nrf_drv_clock.o
LOAD _build/nrf_drv_twi.o
LOAD _build/nrf_drv_uart.o
LOAD _build/nrf_fprintf.o
LOAD _build/nrf_fprintf_format.o
LOAD _build/nrf_log_backend_rtt.o
LOAD _build/nrf_log_backend_serial.o
LOAD _build/nrf_log_default_backends.o
LOAD _build/nrf_log_frontend.o
LOAD _build/nrf_log_str_formatter.o
LOAD _build/nrf_memobj.o
LOAD _build/nrf_nvmc.o
LOAD _build/nrf_pwr_mgmt.o
LOAD _build/nrf_queue.o
LOAD _build/nrf_ringbuf.o
LOAD _build/nrf_sdh.o
LOAD _build/nrf_section_iter.o
LOAD _build/nrf_serial.o
LOAD _build/nrf_strerror.o
LOAD _build/nrf_twi_mngr.o
LOAD _build/nrfx_clock.o
LOAD _build/nrfx_gpiote.o
LOAD _build/nrfx_ppi.o
LOAD _build/nrfx_prs.o
LOAD _build/nrfx_pwm.o
LOAD _build/nrfx_saadc.o
LOAD _build/nrfx_spim.o
LOAD _build/nrfx_timer.o
LOAD _build/nrfx_twi.o
LOAD _build/nrfx_twim.o
LOAD _build/nrfx_uart.o
LOAD _build/nrfx_uarte.o
LOAD _build/system_nrf52833.o
LOAD _build/app_error_weak.o
LOAD _build/gcc_startup_nrf52833.os
LOAD /Applications/ArmGNUToolchain/14.2.rel1/arm-none-eabi/bin/../lib/gcc/arm-none-eabi/14.2.1/../../../../arm-none-eabi/lib/thumb/v7e-m+fp/hard/libc.a
LOAD /Applications/ArmGNUToolchain/14.2.rel1/arm-none-eabi/bin/../lib/gcc/arm-none-eabi/14.2.1/../../../../arm-none-eabi/lib/thumb/v7e-m+fp/hard/libnosys.a
LOAD /Applications/ArmGNUToolchain/14.2.rel1/arm-none-eabi/bin/../lib/gcc/arm-none-eabi/14.2.1/../../../../arm-none-eabi/lib/thumb/v7e-m+fp/hard/libm.a
LOAD /Applications/ArmGNUToolchain/14.2.rel1/arm-none-eabi/bin/../lib/gcc/arm-none-eabi/14.2.1/../../../../arm-none-eabi/lib/thumb/v7e-m+fp/hard/libstdc++.a
END GROUP
START GROUP
LOAD /Applications/ArmGNUToolchain/14.2.rel1/arm-none-eabi/bin/../lib/gcc/arm-none-eabi/14.2.1/thumb/v7e-m+fp/hard/libgcc.a
LOAD /Applications/ArmGNUToolchain/14.2.rel1/arm-none-eabi/bin/../lib/gcc/arm-none-eabi/14.2.1/../../../../arm-none-eabi/lib/thumb/v7e-m+fp/hard/libc.a
END GROUP
LOAD /Applications/ArmGNUToolchain/14.2.rel1/arm-none-eabi/bin/../lib/gcc/arm-none-eabi/14.2.1/thumb/v7e-m+fp/hard/crtend.o
LOAD /Applications/ArmGNUToolchain/14.2.rel1/arm-none-eabi/bin/../lib/gcc/arm-none-eabi/14.2.1/thumb/v7e-m+fp/hard/crtn.o
START GROUP
LOAD /Applications/ArmGNUToolchain/14.2.rel1/arm-none-eabi/bin/../lib/gcc/arm-none-eabi/14.2.1/thumb/v7e-m+fp/hard/libgcc.a
LOAD /Applications/ArmGNUToolchain/14.2.rel1/arm-none-eabi/bin/../lib/gcc/arm-none-eabi/14.2.1/../../../../arm-none-eabi/lib/thumb/v7e-m+fp/hard/libc.a
LOAD /Applications/ArmGNUToolchain/14.2.rel1/arm-none-eabi/bin/../lib/gcc/arm-none-eabi/14.2.1/../../../../arm-none-eabi/lib/thumb/v7e-m+fp/hard/libnosys.a
END GROUP
                0x00001000                        FLASH_PAGE_SIZE = 0x1000
                0x00000004                        FLASH_DATA_PAGES_USED = 0x4

.tm_clone_table
                0x20000704        0x0 load address 0x0000d834
 .tm_clone_table
                0x20000704        0x0 /Applications/ArmGNUToolchain/14.2.rel1/arm-none-eabi/bin/../lib/gcc/arm-none-eabi/14.2.1/thumb/v7e-m+fp/hard/crtbegin.o
 .tm_clone_table
                0x20000704        0x0 /Applications/ArmGNUToolchain/14.2.rel1/arm-none-eabi/bin/../lib/gcc/arm-none-eabi/14.2.1/thumb/v7e-m+fp/hard/crtend.o

.igot.plt       0x20000704        0x0 load address 0x0000d834
 .igot.plt      0x20000704        0x0 /Applications/ArmGNUToolchain/14.2.rel1/arm-none-eabi/bin/../lib/gcc/arm-none-eabi/14.2.1/thumb/v7e-m+fp/hard/crtbegin.o
                0x20000704                        . = ALIGN (0x4)

.svc_data       0x20000704        0x0
                [!provide]                        PROVIDE (__start_svc_data = .)
 *(.svc_data)
                [!provide]                        PROVIDE (__stop_svc_data = .)

.fs_data        0x20000704        0x0
                [!provide]                        PROVIDE (__start_fs_data = .)
 *(.fs_data)
                [!provide]                        PROVIDE (__stop_fs_data = .)

.log_dynamic_data
                0x20000704        0x0
                0x20000704                        PROVIDE (__start_log_dynamic_data = .)
 *(SORT_BY_NAME(.log_dynamic_data*))
                [!provide]                        PROVIDE (__stop_log_dynamic_data = .)

.cli_sorted_cmd_ptrs
                0x20000704        0x0
                [!provide]                        PROVIDE (__start_cli_sorted_cmd_ptrs = .)
 *(.cli_sorted_cmd_ptrs)
                [!provide]                        PROVIDE (__stop_cli_sorted_cmd_ptrs = .)

.bss            0x20000704      0xc1c load address 0x0000d834
                0x20000704                        . = ALIGN (0x4)
                0x20000704                        __bss_start__ = .
 *(.bss*)
 .bss.completed.1
                0x20000704        0x1 /Applications/ArmGNUToolchain/14.2.rel1/arm-none-eabi/bin/../lib/gcc/arm-none-eabi/14.2.1/thumb/v7e-m+fp/hard/crtbegin.o
 *fill*         0x20000705        0x3 
 .bss.object.0  0x20000708       0x18 /Applications/ArmGNUToolchain/14.2.rel1/arm-none-eabi/bin/../lib/gcc/arm-none-eabi/14.2.1/thumb/v7e-m+fp/hard/crtbegin.o
 .bss.m_initialized
                0x20000720        0x1 _build/i2c_simple.o
 .bss.m_async_mode
                0x20000721        0x1 _build/microbit_nrf_log_backend_uart.o
 .bss.m_xfer_done
                0x20000722        0x1 _build/microbit_nrf_log_backend_uart.o
 .bss.m_string_buff
                0x20000723       0x40 _build/microbit_nrf_log_backend_uart.o
 .bss.m_rtc1_reset
                0x20000763        0x1 _build/app_timer.o
 .bss.m_rtc1_running
                0x20000764        0x1 _build/app_timer.o
 .bss.m_ticks_elapsed_q_write_ind
                0x20000765        0x1 _build/app_timer.o
 .bss.m_ticks_elapsed_q_read_ind
                0x20000766        0x1 _build/app_timer.o
 *fill*         0x20000767        0x1 
 .bss.m_ticks_elapsed
                0x20000768        0x8 _build/app_timer.o
 .bss.m_ticks_latest
                0x20000770        0x4 _build/app_timer.o
 .bss.mp_timer_id_head
                0x20000774        0x4 _build/app_timer.o
 .bss.m_op_queue
                0x20000778      0x10c _build/app_timer.o
 .bss.m_in_critical_region
                0x20000884        0x4 _build/app_util_platform.o
 .bss.m_contexts
                0x20000888        0x8 _build/nrf_drv_twi.o
 .bss.m_handlers
                0x20000890        0x8 _build/nrf_drv_twi.o
 .bss.nrf_drv_uart_use_easy_dma
                0x20000898        0x2 _build/nrf_drv_uart.o
                0x20000898                nrf_drv_uart_use_easy_dma
 *fill*         0x2000089a        0x2 
 .bss.m_contexts
                0x2000089c        0x8 _build/nrf_drv_uart.o
 .bss.m_handlers
                0x200008a4        0x8 _build/nrf_drv_uart.o
 .bss.m_log_data
                0x200008ac      0x424 _build/nrf_log_frontend.o
 .bss.m_log_push_ringbuf_cb
                0x20000cd0       0x18 _build/nrf_log_frontend.o
 .bss.m_log_push_ringbuf_buf
                0x20000ce8       0x80 _build/nrf_log_frontend.o
 .bss.log_mempool_nrf_balloc_cb
                0x20000d68        0x8 _build/nrf_log_frontend.o
 .bss.log_mempool_nrf_balloc_pool_mem
                0x20000d70       0xc0 _build/nrf_log_frontend.o
 .bss.log_mempool_nrf_balloc_pool_stack
                0x20000e30        0x8 _build/nrf_log_frontend.o
 .bss.m_clock_cb
                0x20000e38        0x8 _build/nrfx_clock.o
 .bss.m_cb      0x20000e40       0x68 _build/nrfx_gpiote.o
 .bss.m_prs_box_4
                0x20000ea8        0x8 _build/nrfx_prs.o
 .bss.m_cb      0x20000eb0       0x10 _build/nrfx_pwm.o
 .bss.m_cb      0x20000ec0       0x30 _build/nrfx_saadc.o
 .bss.m_cb      0x20000ef0       0x24 _build/nrfx_spim.o
 .bss.m_cb      0x20000f14       0x18 _build/nrfx_timer.o
 .bss.m_cb      0x20000f2c       0x68 _build/nrfx_twim.o
 .bss.m_cb      0x20000f94       0x2c _build/nrfx_uart.o
 .bss.m_cb      0x20000fc0       0x48 _build/nrfx_uarte.o
 .bss.__sf      0x20001008      0x138 /Applications/ArmGNUToolchain/14.2.rel1/arm-none-eabi/bin/../lib/gcc/arm-none-eabi/14.2.1/../../../../arm-none-eabi/lib/thumb/v7e-m+fp/hard/libc.a(libc_a-findfp.o)
                0x20001008                __sf
 .bss.__stdio_exit_handler
                0x20001140        0x4 /Applications/ArmGNUToolchain/14.2.rel1/arm-none-eabi/bin/../lib/gcc/arm-none-eabi/14.2.1/../../../../arm-none-eabi/lib/thumb/v7e-m+fp/hard/libc.a(libc_a-findfp.o)
                0x20001140                __stdio_exit_handler
 .bss.__lock___malloc_recursive_mutex
                0x20001144        0x1 /Applications/ArmGNUToolchain/14.2.rel1/arm-none-eabi/bin/../lib/gcc/arm-none-eabi/14.2.1/../../../../arm-none-eabi/lib/thumb/v7e-m+fp/hard/libc.a(libc_a-lock.o)
                0x20001144                __lock___malloc_recursive_mutex
 *fill*         0x20001145        0x3 
 .bss.__lock___atexit_recursive_mutex
                0x20001148        0x1 /Applications/ArmGNUToolchain/14.2.rel1/arm-none-eabi/bin/../lib/gcc/arm-none-eabi/14.2.1/../../../../arm-none-eabi/lib/thumb/v7e-m+fp/hard/libc.a(libc_a-lock.o)
                0x20001148                __lock___atexit_recursive_mutex
 *fill*         0x20001149        0x3 
 .bss.__lock___sfp_recursive_mutex
                0x2000114c        0x1 /Applications/ArmGNUToolchain/14.2.rel1/arm-none-eabi/bin/../lib/gcc/arm-none-eabi/14.2.1/../../../../arm-none-eabi/lib/thumb/v7e-m+fp/hard/libc.a(libc_a-lock.o)
                0x2000114c                __lock___sfp_recursive_mutex
 *fill*         0x2000114d        0x3 
 .bss.__atexit  0x20001150        0x4 /Applications/ArmGNUToolchain/14.2.rel1/arm-none-eabi/bin/../lib/gcc/arm-none-eabi/14.2.1/../../../../arm-none-eabi/lib/thumb/v7e-m+fp/hard/libc.a(libc_a-__call_atexit.o)
                0x20001150                __atexit
 .bss.__malloc_current_mallinfo
                0x20001154       0x28 /Applications/ArmGNUToolchain/14.2.rel1/arm-none-eabi/bin/../lib/gcc/arm-none-eabi/14.2.1/../../../../arm-none-eabi/lib/thumb/v7e-m+fp/hard/libc.a(libc_a-mallocr.o)
                0x20001154                __malloc_current_mallinfo
 .bss.__malloc_max_total_mem
                0x2000117c        0x4 /Applications/ArmGNUToolchain/14.2.rel1/arm-none-eabi/bin/../lib/gcc/arm-none-eabi/14.2.1/../../../../arm-none-eabi/lib/thumb/v7e-m+fp/hard/libc.a(libc_a-mallocr.o)
                0x2000117c                __malloc_max_total_mem
 .bss.__malloc_max_sbrked_mem
                0x20001180        0x4 /Applications/ArmGNUToolchain/14.2.rel1/arm-none-eabi/bin/../lib/gcc/arm-none-eabi/14.2.1/../../../../arm-none-eabi/lib/thumb/v7e-m+fp/hard/libc.a(libc_a-mallocr.o)
                0x20001180                __malloc_max_sbrked_mem
 .bss.__malloc_top_pad
                0x20001184        0x4 /Applications/ArmGNUToolchain/14.2.rel1/arm-none-eabi/bin/../lib/gcc/arm-none-eabi/14.2.1/../../../../arm-none-eabi/lib/thumb/v7e-m+fp/hard/libc.a(libc_a-mallocr.o)
                0x20001184                __malloc_top_pad
 .bss.errno     0x20001188        0x4 /Applications/ArmGNUToolchain/14.2.rel1/arm-none-eabi/bin/../lib/gcc/arm-none-eabi/14.2.1/../../../../arm-none-eabi/lib/thumb/v7e-m+fp/hard/libc.a(libc_a-reent.o)
                0x20001188                errno
 .bss.__atexit0
                0x2000118c      0x190 /Applications/ArmGNUToolchain/14.2.rel1/arm-none-eabi/bin/../lib/gcc/arm-none-eabi/14.2.1/../../../../arm-none-eabi/lib/thumb/v7e-m+fp/hard/libc.a(libc_a-__atexit.o)
                0x2000118c                __atexit0
 .bss.heap_end.0
                0x2000131c        0x4 /Applications/ArmGNUToolchain/14.2.rel1/arm-none-eabi/bin/../lib/gcc/arm-none-eabi/14.2.1/../../../../arm-none-eabi/lib/thumb/v7e-m+fp/hard/libnosys.a(sbrk.o)
 *(COMMON)
                0x20001320                        . = ALIGN (0x4)
                0x20001320                        __bss_end__ = .

.heap           0x20001320     0x2000
                0x20001320                        __HeapBase = .
                0x20001320                        __end__ = .
                0x20001320                        PROVIDE (end = .)
 *(.heap*)
 .heap          0x20001320     0x2000 _build/gcc_startup_nrf52833.os
                0x20003320                        __HeapLimit = .

.stack_dummy    0x20001320     0x2000
 *(.stack*)
 .stack         0x20001320     0x2000 _build/gcc_startup_nrf52833.os
                0x20020000                        __StackTop = (ORIGIN (RAM) + LENGTH (RAM))
                0x2001e000                        __StackLimit = (__StackTop - SIZEOF (.stack_dummy))
                0x20020000                        PROVIDE (__stack = __StackTop)
                0x00000001                        ASSERT ((__StackLimit >= __HeapLimit), region RAM overflowed with stack)
                0x00000704                        DataInitFlashUsed = (__bss_start__ - __data_start__)
                0x0000d130                        CodeFlashUsed = (__etext - ORIGIN (FLASH))
                0x0000d834                        TotalFlashUsed = (CodeFlashUsed + DataInitFlashUsed)
                0x00000001                        ASSERT ((TotalFlashUsed <= LENGTH (FLASH)), region FLASH overflowed with .data and user data)
OUTPUT(_build/CE346_Devan_Harut_sdk16_blank.elf elf32-littlearm)
LOAD linker stubs

.ARM.attributes
                0x00000000       0x30
 .ARM.attributes
                0x00000000       0x22 /Applications/ArmGNUToolchain/14.2.rel1/arm-none-eabi/bin/../lib/gcc/arm-none-eabi/14.2.1/thumb/v7e-m+fp/hard/crti.o
 .ARM.attributes
                0x00000022       0x34 /Applications/ArmGNUToolchain/14.2.rel1/arm-none-eabi/bin/../lib/gcc/arm-none-eabi/14.2.1/thumb/v7e-m+fp/hard/crtbegin.o
 .ARM.attributes
                0x00000056       0x20 /Applications/ArmGNUToolchain/14.2.rel1/arm-none-eabi/bin/../lib/gcc/arm-none-eabi/14.2.1/../../../../arm-none-eabi/lib/thumb/v7e-m+fp/hard/crt0.o
 .ARM.attributes
                0x00000076       0x34 _build/i2c_simple.o
 .ARM.attributes
                0x000000aa       0x34 _build/main.o
 .ARM.attributes
                0x000000de       0x34 _build/better_error_handling.o
 .ARM.attributes
                0x00000112       0x34 _build/clib_stubs.o
 .ARM.attributes
                0x00000146       0x34 _build/microbit_before_startup.o
 .ARM.attributes
                0x0000017a       0x34 _build/microbit_nrf_log_backend_uart.o
 .ARM.attributes
                0x000001ae       0x34 _build/microbit_retarget.o
 .ARM.attributes
                0x000001e2       0x34 _build/app_error_handler_gcc.o
 .ARM.attributes
                0x00000216       0x34 _build/app_timer.o
 .ARM.attributes
                0x0000024a       0x34 _build/app_util_platform.o
 .ARM.attributes
                0x0000027e       0x34 _build/hardfault_handler_gcc.o
 .ARM.attributes
                0x000002b2       0x34 _build/nrf_assert.o
 .ARM.attributes
                0x000002e6       0x34 _build/nrf_atomic.o
 .ARM.attributes
                0x0000031a       0x34 _build/nrf_balloc.o
 .ARM.attributes
                0x0000034e       0x34 _build/nrf_drv_clock.o
 .ARM.attributes
                0x00000382       0x34 _build/nrf_drv_twi.o
 .ARM.attributes
                0x000003b6       0x34 _build/nrf_drv_uart.o
 .ARM.attributes
                0x000003ea       0x34 _build/nrf_fprintf.o
 .ARM.attributes
                0x0000041e       0x34 _build/nrf_fprintf_format.o
 .ARM.attributes
                0x00000452       0x34 _build/nrf_log_backend_serial.o
 .ARM.attributes
                0x00000486       0x34 _build/nrf_log_default_backends.o
 .ARM.attributes
                0x000004ba       0x34 _build/nrf_log_frontend.o
 .ARM.attributes
                0x000004ee       0x34 _build/nrf_log_str_formatter.o
 .ARM.attributes
                0x00000522       0x34 _build/nrf_memobj.o
 .ARM.attributes
                0x00000556       0x34 _build/nrf_pwr_mgmt.o
 .ARM.attributes
                0x0000058a       0x34 _build/nrf_ringbuf.o
 .ARM.attributes
                0x000005be       0x34 _build/nrf_strerror.o
 .ARM.attributes
                0x000005f2       0x34 _build/nrfx_clock.o
 .ARM.attributes
                0x00000626       0x34 _build/nrfx_gpiote.o
 .ARM.attributes
                0x0000065a       0x34 _build/nrfx_ppi.o
 .ARM.attributes
                0x0000068e       0x34 _build/nrfx_prs.o
 .ARM.attributes
                0x000006c2       0x34 _build/nrfx_pwm.o
 .ARM.attributes
                0x000006f6       0x34 _build/nrfx_saadc.o
 .ARM.attributes
                0x0000072a       0x34 _build/nrfx_spim.o
 .ARM.attributes
                0x0000075e       0x34 _build/nrfx_timer.o
 .ARM.attributes
                0x00000792       0x34 _build/nrfx_twim.o
 .ARM.attributes
                0x000007c6       0x34 _build/nrfx_uart.o
 .ARM.attributes
                0x000007fa       0x34 _build/nrfx_uarte.o
 .ARM.attributes
                0x0000082e       0x34 _build/system_nrf52833.o
 .ARM.attributes
                0x00000862       0x1c _build/gcc_startup_nrf52833.os
 .ARM.attributes
                0x0000087e       0x34 /Applications/ArmGNUToolchain/14.2.rel1/arm-none-eabi/bin/../lib/gcc/arm-none-eabi/14.2.1/../../../../arm-none-eabi/lib/thumb/v7e-m+fp/hard/libc.a(libc_a-exit.o)
 .ARM.attributes
                0x000008b2       0x34 /Applications/ArmGNUToolchain/14.2.rel1/arm-none-eabi/bin/../lib/gcc/arm-none-eabi/14.2.1/../../../../arm-none-eabi/lib/thumb/v7e-m+fp/hard/libc.a(libc_a-printf.o)
 .ARM.attributes
                0x000008e6       0x34 /Applications/ArmGNUToolchain/14.2.rel1/arm-none-eabi/bin/../lib/gcc/arm-none-eabi/14.2.1/../../../../arm-none-eabi/lib/thumb/v7e-m+fp/hard/libc.a(libc_a-setbuf.o)
 .ARM.attributes
                0x0000091a       0x34 /Applications/ArmGNUToolchain/14.2.rel1/arm-none-eabi/bin/../lib/gcc/arm-none-eabi/14.2.1/../../../../arm-none-eabi/lib/thumb/v7e-m+fp/hard/libc.a(libc_a-setvbuf.o)
 .ARM.attributes
                0x0000094e       0x34 /Applications/ArmGNUToolchain/14.2.rel1/arm-none-eabi/bin/../lib/gcc/arm-none-eabi/14.2.1/../../../../arm-none-eabi/lib/thumb/v7e-m+fp/hard/libc.a(libc_a-findfp.o)
 .ARM.attributes
                0x00000982       0x34 /Applications/ArmGNUToolchain/14.2.rel1/arm-none-eabi/bin/../lib/gcc/arm-none-eabi/14.2.1/../../../../arm-none-eabi/lib/thumb/v7e-m+fp/hard/libc.a(libc_a-memset.o)
 .ARM.attributes
                0x000009b6       0x34 /Applications/ArmGNUToolchain/14.2.rel1/arm-none-eabi/bin/../lib/gcc/arm-none-eabi/14.2.1/../../../../arm-none-eabi/lib/thumb/v7e-m+fp/hard/libc.a(libc_a-impure.o)
 .ARM.attributes
                0x000009ea       0x34 /Applications/ArmGNUToolchain/14.2.rel1/arm-none-eabi/bin/../lib/gcc/arm-none-eabi/14.2.1/../../../../arm-none-eabi/lib/thumb/v7e-m+fp/hard/libc.a(libc_a-init.o)
 .ARM.attributes
                0x00000a1e       0x34 /Applications/ArmGNUToolchain/14.2.rel1/arm-none-eabi/bin/../lib/gcc/arm-none-eabi/14.2.1/../../../../arm-none-eabi/lib/thumb/v7e-m+fp/hard/libc.a(libc_a-lock.o)
 .ARM.attributes
                0x00000a52       0x20 /Applications/ArmGNUToolchain/14.2.rel1/arm-none-eabi/bin/../lib/gcc/arm-none-eabi/14.2.1/../../../../arm-none-eabi/lib/thumb/v7e-m+fp/hard/libc.a(libc_a-memcpy.o)
 .ARM.attributes
                0x00000a72       0x1c /Applications/ArmGNUToolchain/14.2.rel1/arm-none-eabi/bin/../lib/gcc/arm-none-eabi/14.2.1/../../../../arm-none-eabi/lib/thumb/v7e-m+fp/hard/libc.a(libc_a-strlen.o)
 .ARM.attributes
                0x00000a8e       0x34 /Applications/ArmGNUToolchain/14.2.rel1/arm-none-eabi/bin/../lib/gcc/arm-none-eabi/14.2.1/../../../../arm-none-eabi/lib/thumb/v7e-m+fp/hard/libc.a(libc_a-ctype_.o)
 .ARM.attributes
                0x00000ac2       0x34 /Applications/ArmGNUToolchain/14.2.rel1/arm-none-eabi/bin/../lib/gcc/arm-none-eabi/14.2.1/../../../../arm-none-eabi/lib/thumb/v7e-m+fp/hard/libc.a(libc_a-__call_atexit.o)
 .ARM.attributes
                0x00000af6       0x34 /Applications/ArmGNUToolchain/14.2.rel1/arm-none-eabi/bin/../lib/gcc/arm-none-eabi/14.2.1/../../../../arm-none-eabi/lib/thumb/v7e-m+fp/hard/libc.a(libc_a-atexit.o)
 .ARM.attributes